projects/examples/blink
projects/examples/blink/pico/windows/gcc
projects/examples/blink_w
projects/examples/blink_w/pico_w/windows/gcc
projects/examples/cpl_2threads
projects/examples/cpl_2threads/uart
projects/examples/cpl_2threads/uart/automation2040W
projects/examples/cpl_2threads/uart/automation2040W/windows/gcc
projects/examples/cpl_2threads/uart/pico
projects/examples/cpl_2threads/uart/pico/windows/gcc
projects/examples/cpl_2threads/usb
projects/examples/cpl_2threads/usb/pico
projects/examples/cpl_2threads/usb/pico/windows/gcc
projects/examples/cpl_2threads/wifi
projects/examples/cpl_2threads/wifi/picow
projects/examples/cpl_2threads/wifi/picow/windows/gcc
projects/examples/hello_world
projects/examples/hello_world/uart
projects/examples/hello_world/uart/pico/windows/gcc
projects/examples/hello_world/usb
projects/examples/hello_world/usb/pico/windows/gcc
projects/examples/multicore_fifo_irqs
projects/examples/multicore_fifo_irqs/usb
projects/examples/multicore_fifo_irqs/usb/windows/gcc
projects/examples/pico_display
projects/examples/pico_display/pico/windows/gcc
projects/examples/pico_display2
projects/examples/pico_display2/pico/windows/gcc
projects/examples/tcp_server_w
projects/examples/tcp_server_w/pico_w/windows/gcc
projects/pico-display-simulator
projects/pico-display-simulator/simulator
projects/pico-display-simulator/simulator/bin/Release
projects/pico-display-simulator/simulator/Properties
projects/pico-display-simulator/simulator/Resources
projects/pico-sketch
projects/pico-sketch/rp2040
projects/pico-sketch/rp2040/pico-uart
projects/pico-sketch/rp2040/pico-uart/windows/gcc
projects/pico-sketch/simulator
projects/pico-sketch/simulator/windows
projects/pico-sketch/simulator/windows/mingw_w64
projects/Storm/Thermostat/Pico
projects/Storm/Thermostat/Pico/rp2040
projects/Storm/Thermostat/Pico/rp2040/pico-uart
projects/Storm/Thermostat/Pico/rp2040/pico-uart/windows/gcc
projects/Storm/Thermostat/Pico/simulator
projects/Storm/Thermostat/Pico/simulator/windows
projects/Storm/Thermostat/Pico/simulator/windows/mingw_w64
scripts/pico
src/Bsp/RP2040
src/Bsp/RP2040/Automation2040W
src/Bsp/RP2040/Automation2040W/gcc
src/Bsp/RP2040/Pico
src/Bsp/RP2040/Pico/gcc
src/Bsp/RP2040/Picow
src/Bsp/RP2040/Picow/gcc
src/Cpl/Io/Serial/RP2040
src/Cpl/Io/Serial/RP2040/Stdio
src/Cpl/Io/Serial/RP2040/Uart
src/Cpl/Io/Serial/RP2040/_0test/_hw_baremetal
src/Cpl/Io/Tcp/lwIP/Picow
src/Cpl/System/RP2040
src/Cpl/System/RP2040/_console
src/Cpl/System/RP2040/_fatalerror
src/Cpl/System/RP2040/_pyscripts
src/Cpl/System/RP2040/_shutdown
src/Cpl/System/RP2040/_stdio
src/Cpl/Text/_mappings/_arm_gcc_rp2040
src/Driver/Button/RP2040
src/Driver/I2C/RP2040
src/Driver/LED/PimoroniPico
src/Driver/PicoDisplay
src/Driver/PicoDisplay/RP2040
src/Driver/PicoDisplay/TPipe
src/Driver/Wifi/Station/Picow
src/Storm/Thermostat/Main/_pico
src/Storm/Thermostat/Main/_pico/_rp2040
src/Storm/Thermostat/Main/_pico/_simulation
src/Storm/Thermostat/Ui/PicoDisplay
tests/Cpl/Io/Serial/RP2040/Stdio/_0test/hw_baremetal/pico-stdio
tests/Cpl/Io/Serial/RP2040/Stdio/_0test/hw_baremetal/pico-stdio/uart
tests/Cpl/Io/Serial/RP2040/Stdio/_0test/hw_baremetal/pico-stdio/uart/windows/gcc
tests/Cpl/Io/Serial/RP2040/Stdio/_0test/hw_baremetal/pico-stdio/usb
tests/Cpl/Io/Serial/RP2040/Stdio/_0test/hw_baremetal/pico-stdio/usb/windows/gcc
tests/Cpl/Io/Serial/RP2040/Uart/_0test/hw_baremetal/pico-uart0
tests/Cpl/Io/Serial/RP2040/Uart/_0test/hw_baremetal/pico-uart0/windows/gcc
tests/Cpl/Io/Tcp/_0test/client/lwip/picow-uart
tests/Cpl/Io/Tcp/_0test/client/lwip/picow-uart/windows/gcc
tests/Cpl/Io/Tcp/_0test/server/lwip/picow-uart
tests/Cpl/Io/Tcp/_0test/server/lwip/picow-uart/windows/gcc
tests/Cpl/System/_0test/hw_basic/RP2040/pico-uart0
tests/Cpl/System/_0test/hw_basic/RP2040/pico-uart0/windows/gcc
tests/Cpl/TShell/_0test/test4/RP2040/pico-uart0
tests/Cpl/TShell/_0test/test4/RP2040/pico-uart0/windows/gcc
tests/Cpl/TShell/_0test/test5
tests/Cpl/TShell/_0test/test5/RP2040/pico-uart0
tests/Cpl/TShell/_0test/test5/RP2040/pico-uart0/windows/gcc
tests/Driver/I2C/_0test/master-eeprom
tests/Driver/I2C/_0test/master-eeprom/RP2040
tests/Driver/I2C/_0test/master-eeprom/RP2040/pico-uart0
tests/Driver/I2C/_0test/master-eeprom/RP2040/pico-uart0/windows/gcc
tests/Driver/NV/_0test/gang/dual-onsemi-cat24c512/pico-uart0
tests/Driver/NV/_0test/gang/dual-onsemi-cat24c512/pico-uart0/windows/gcc
tests/Driver/NV/_0test/onsemi-cat24c512/pico-uart0
tests/Driver/NV/_0test/onsemi-cat24c512/pico-uart0/windows/gcc
tests/Driver/Wifi/Station/_0test/picow-uart
tests/Driver/Wifi/Station/_0test/picow-uart/windows/gcc