projects
projects/Storm
projects/Storm/Thermostat
projects/Storm/Thermostat/adafruit-grand-central-m4/windows/gcc
projects/Storm/Thermostat/simulation
projects/Storm/Thermostat/simulation/linux
projects/Storm/Thermostat/simulation/linux/gcc
projects/Storm/Thermostat/simulation/windows
projects/Storm/Thermostat/simulation/windows/mingw_w64
projects/Storm/Thermostat/simulation/windows/vc12
src/Storm
src/Storm/Component
src/Storm/Component/Equipment
src/Storm/Component/Equipment/Stage
src/Storm/Component/Equipment/Stage/_0test
src/Storm/Component/Equipment/_0test
src/Storm/Component/_0test
src/Storm/Dm
src/Storm/Dm/_0test
src/Storm/Thermostat
src/Storm/Thermostat/Main
src/Storm/Thermostat/Main/_adafruit_grand_central_m4
src/Storm/Thermostat/Main/_simulation
src/Storm/Thermostat/SimHouse
src/Storm/Thermostat/_0test
src/Storm/Thermostat/_file_logger
src/Storm/TShell
src/Storm/Type
src/Storm/Utils
src/Storm/Utils/_0test
tests/Storm/Component/Equipment/Stage/_0test
tests/Storm/Component/Equipment/Stage/_0test/linux
tests/Storm/Component/Equipment/Stage/_0test/linux/gcc
tests/Storm/Component/Equipment/Stage/_0test/windows
tests/Storm/Component/Equipment/Stage/_0test/windows/mingw_w64
tests/Storm/Component/Equipment/Stage/_0test/windows/vc12
tests/Storm/Component/Equipment/_0test
tests/Storm/Component/Equipment/_0test/linux
tests/Storm/Component/Equipment/_0test/linux/gcc
tests/Storm/Component/Equipment/_0test/windows
tests/Storm/Component/Equipment/_0test/windows/mingw_w64
tests/Storm/Component/Equipment/_0test/windows/vc12
tests/Storm/Component/_0test
tests/Storm/Component/_0test/linux
tests/Storm/Component/_0test/linux/gcc
tests/Storm/Component/_0test/windows
tests/Storm/Component/_0test/windows/mingw_w64
tests/Storm/Component/_0test/windows/vc12
tests/Storm/Dm/_0test
tests/Storm/Dm/_0test/linux
tests/Storm/Dm/_0test/linux/gcc
tests/Storm/Dm/_0test/windows
tests/Storm/Dm/_0test/windows/mingw_w64
tests/Storm/Dm/_0test/windows/vc12
tests/Storm/Thermostat/_0test
tests/Storm/Thermostat/_0test/linux
tests/Storm/Thermostat/_0test/linux/gcc
tests/Storm/Thermostat/_0test/windows
tests/Storm/Thermostat/_0test/windows/mingw_w64
tests/Storm/Thermostat/_0test/windows/vc12
tests/Storm/Utils/_0test
tests/Storm/Utils/_0test/linux
tests/Storm/Utils/_0test/linux/gcc
tests/Storm/Utils/_0test/windows
tests/Storm/Utils/_0test/windows/mingw_w64
tests/Storm/Utils/_0test/windows/vc12