arduino
arduino/hardware/avr/1.8.2
arduino/hardware/avr/1.8.2/bootloaders/atmega
arduino/hardware/avr/1.8.2/bootloaders/atmega8
arduino/hardware/avr/1.8.2/bootloaders/bt
arduino/hardware/avr/1.8.2/bootloaders/caterina
arduino/hardware/avr/1.8.2/bootloaders/caterina-Arduino_Robot
arduino/hardware/avr/1.8.2/bootloaders/caterina-LilyPadUSB
arduino/hardware/avr/1.8.2/bootloaders/gemma
arduino/hardware/avr/1.8.2/bootloaders/lilypad
arduino/hardware/avr/1.8.2/bootloaders/lilypad/src
arduino/hardware/avr/1.8.2/bootloaders/optiboot
arduino/hardware/avr/1.8.2/bootloaders/stk500v2
arduino/hardware/avr/1.8.2/cores/arduino
arduino/hardware/avr/1.8.2/extras
arduino/hardware/avr/1.8.2/firmwares/arduinoISP
arduino/hardware/avr/1.8.2/firmwares/atmegaxxu2
arduino/hardware/avr/1.8.2/firmwares/atmegaxxu2/arduino-usbdfu
arduino/hardware/avr/1.8.2/firmwares/atmegaxxu2/arduino-usbdfu/Board
arduino/hardware/avr/1.8.2/firmwares/atmegaxxu2/arduino-usbserial
arduino/hardware/avr/1.8.2/firmwares/atmegaxxu2/arduino-usbserial/Board
arduino/hardware/avr/1.8.2/firmwares/atmegaxxu2/arduino-usbserial/Lib
arduino/hardware/avr/1.8.2/firmwares/wifishield
arduino/hardware/avr/1.8.2/firmwares/wifishield/binary
arduino/hardware/avr/1.8.2/firmwares/wifishield/scripts
arduino/hardware/avr/1.8.2/firmwares/wifishield/wifiHD
arduino/hardware/avr/1.8.2/firmwares/wifishield/wifiHD/Release
arduino/hardware/avr/1.8.2/firmwares/wifishield/wifiHD/src
arduino/hardware/avr/1.8.2/firmwares/wifishield/wifiHD/src/CONFIG
arduino/hardware/avr/1.8.2/firmwares/wifishield/wifiHD/src/SOFTWARE_FRAMEWORK/ASM
arduino/hardware/avr/1.8.2/firmwares/wifishield/wifiHD/src/SOFTWARE_FRAMEWORK/BOARDS
arduino/hardware/avr/1.8.2/firmwares/wifishield/wifiHD/src/SOFTWARE_FRAMEWORK/BOARDS/ARDUINO
arduino/hardware/avr/1.8.2/firmwares/wifishield/wifiHD/src/SOFTWARE_FRAMEWORK/BOARDS/EVK1105
arduino/hardware/avr/1.8.2/firmwares/wifishield/wifiHD/src/SOFTWARE_FRAMEWORK/COMPONENTS/MEMORY/DATA_FLASH/AT45DBX
arduino/hardware/avr/1.8.2/firmwares/wifishield/wifiHD/src/SOFTWARE_FRAMEWORK/COMPONENTS/WIFI/HD
arduino/hardware/avr/1.8.2/firmwares/wifishield/wifiHD/src/SOFTWARE_FRAMEWORK/COMPONENTS/WIFI/HD/v2.7.0
arduino/hardware/avr/1.8.2/firmwares/wifishield/wifiHD/src/SOFTWARE_FRAMEWORK/DRIVERS/CPU/CYCLE_COUNTER
arduino/hardware/avr/1.8.2/firmwares/wifishield/wifiHD/src/SOFTWARE_FRAMEWORK/DRIVERS/EBI/SMC
arduino/hardware/avr/1.8.2/firmwares/wifishield/wifiHD/src/SOFTWARE_FRAMEWORK/DRIVERS/EIC
arduino/hardware/avr/1.8.2/firmwares/wifishield/wifiHD/src/SOFTWARE_FRAMEWORK/DRIVERS/FLASHC
arduino/hardware/avr/1.8.2/firmwares/wifishield/wifiHD/src/SOFTWARE_FRAMEWORK/DRIVERS/GPIO
arduino/hardware/avr/1.8.2/firmwares/wifishield/wifiHD/src/SOFTWARE_FRAMEWORK/DRIVERS/INTC
arduino/hardware/avr/1.8.2/firmwares/wifishield/wifiHD/src/SOFTWARE_FRAMEWORK/DRIVERS/PDCA
arduino/hardware/avr/1.8.2/firmwares/wifishield/wifiHD/src/SOFTWARE_FRAMEWORK/DRIVERS/PM
arduino/hardware/avr/1.8.2/firmwares/wifishield/wifiHD/src/SOFTWARE_FRAMEWORK/DRIVERS/RTC
arduino/hardware/avr/1.8.2/firmwares/wifishield/wifiHD/src/SOFTWARE_FRAMEWORK/DRIVERS/SPI
arduino/hardware/avr/1.8.2/firmwares/wifishield/wifiHD/src/SOFTWARE_FRAMEWORK/DRIVERS/TC
arduino/hardware/avr/1.8.2/firmwares/wifishield/wifiHD/src/SOFTWARE_FRAMEWORK/DRIVERS/USART
arduino/hardware/avr/1.8.2/firmwares/wifishield/wifiHD/src/SOFTWARE_FRAMEWORK/SERVICES/DELAY
arduino/hardware/avr/1.8.2/firmwares/wifishield/wifiHD/src/SOFTWARE_FRAMEWORK/SERVICES/LWIP/lwip-1.3.2/src/core
arduino/hardware/avr/1.8.2/firmwares/wifishield/wifiHD/src/SOFTWARE_FRAMEWORK/SERVICES/LWIP/lwip-1.3.2/src/core/ipv4
arduino/hardware/avr/1.8.2/firmwares/wifishield/wifiHD/src/SOFTWARE_FRAMEWORK/SERVICES/LWIP/lwip-1.3.2/src/include/ipv4/lwip
arduino/hardware/avr/1.8.2/firmwares/wifishield/wifiHD/src/SOFTWARE_FRAMEWORK/SERVICES/LWIP/lwip-1.3.2/src/include/lwip
arduino/hardware/avr/1.8.2/firmwares/wifishield/wifiHD/src/SOFTWARE_FRAMEWORK/SERVICES/LWIP/lwip-1.3.2/src/include/netif
arduino/hardware/avr/1.8.2/firmwares/wifishield/wifiHD/src/SOFTWARE_FRAMEWORK/SERVICES/LWIP/lwip-1.3.2/src/netif
arduino/hardware/avr/1.8.2/firmwares/wifishield/wifiHD/src/SOFTWARE_FRAMEWORK/SERVICES/LWIP/lwip-port-1.3.2/HD
arduino/hardware/avr/1.8.2/firmwares/wifishield/wifiHD/src/SOFTWARE_FRAMEWORK/SERVICES/LWIP/lwip-port-1.3.2/HD/if/include
arduino/hardware/avr/1.8.2/firmwares/wifishield/wifiHD/src/SOFTWARE_FRAMEWORK/SERVICES/LWIP/lwip-port-1.3.2/HD/if/include/arch
arduino/hardware/avr/1.8.2/firmwares/wifishield/wifiHD/src/SOFTWARE_FRAMEWORK/SERVICES/LWIP/lwip-port-1.3.2/HD/if/include/netif
arduino/hardware/avr/1.8.2/firmwares/wifishield/wifiHD/src/SOFTWARE_FRAMEWORK/SERVICES/LWIP/lwip-port-1.3.2/HD/if/netif
arduino/hardware/avr/1.8.2/firmwares/wifishield/wifiHD/src/SOFTWARE_FRAMEWORK/SERVICES/MEMORY/CTRL_ACCESS
arduino/hardware/avr/1.8.2/firmwares/wifishield/wifiHD/src/SOFTWARE_FRAMEWORK/UTILS
arduino/hardware/avr/1.8.2/firmwares/wifishield/wifiHD/src/SOFTWARE_FRAMEWORK/UTILS/DEBUG
arduino/hardware/avr/1.8.2/firmwares/wifishield/wifiHD/src/SOFTWARE_FRAMEWORK/UTILS/LIBS/NEWLIB_ADDONS/INCLUDE
arduino/hardware/avr/1.8.2/firmwares/wifishield/wifiHD/src/SOFTWARE_FRAMEWORK/UTILS/LINKER_SCRIPTS/AT32UC3A/0512/GCC
arduino/hardware/avr/1.8.2/firmwares/wifishield/wifiHD/src/SOFTWARE_FRAMEWORK/UTILS/LINKER_SCRIPTS/AT32UC3A/1256/GCC
arduino/hardware/avr/1.8.2/firmwares/wifishield/wifiHD/src/SOFTWARE_FRAMEWORK/UTILS/PREPROCESSOR
arduino/hardware/avr/1.8.2/firmwares/wifishield/wifiHD/src/SOFTWARE_FRAMEWORK/UTILS/STARTUP_FILES/GCC
arduino/hardware/avr/1.8.2/firmwares/wifishield/wifi_dnld
arduino/hardware/avr/1.8.2/firmwares/wifishield/wifi_dnld/Release
arduino/hardware/avr/1.8.2/firmwares/wifishield/wifi_dnld/src
arduino/hardware/avr/1.8.2/firmwares/wifishield/wifi_dnld/src/CONFIG
arduino/hardware/avr/1.8.2/firmwares/wifishield/wifi_dnld/src/Doc
arduino/hardware/avr/1.8.2/firmwares/wifishield/wifi_dnld/src/SOFTWARE_FRAMEWORK/ASM
arduino/hardware/avr/1.8.2/firmwares/wifishield/wifi_dnld/src/SOFTWARE_FRAMEWORK/BOARDS
arduino/hardware/avr/1.8.2/firmwares/wifishield/wifi_dnld/src/SOFTWARE_FRAMEWORK/BOARDS/ARDUINO
arduino/hardware/avr/1.8.2/firmwares/wifishield/wifi_dnld/src/SOFTWARE_FRAMEWORK/BOARDS/EVK1105
arduino/hardware/avr/1.8.2/firmwares/wifishield/wifi_dnld/src/SOFTWARE_FRAMEWORK/COMPONENTS/MEMORY/DATA_FLASH/AT45DBX
arduino/hardware/avr/1.8.2/firmwares/wifishield/wifi_dnld/src/SOFTWARE_FRAMEWORK/DRIVERS/FLASHC
arduino/hardware/avr/1.8.2/firmwares/wifishield/wifi_dnld/src/SOFTWARE_FRAMEWORK/DRIVERS/GPIO
arduino/hardware/avr/1.8.2/firmwares/wifishield/wifi_dnld/src/SOFTWARE_FRAMEWORK/DRIVERS/INTC
arduino/hardware/avr/1.8.2/firmwares/wifishield/wifi_dnld/src/SOFTWARE_FRAMEWORK/DRIVERS/PM
arduino/hardware/avr/1.8.2/firmwares/wifishield/wifi_dnld/src/SOFTWARE_FRAMEWORK/DRIVERS/SPI
arduino/hardware/avr/1.8.2/firmwares/wifishield/wifi_dnld/src/SOFTWARE_FRAMEWORK/DRIVERS/USART
arduino/hardware/avr/1.8.2/firmwares/wifishield/wifi_dnld/src/SOFTWARE_FRAMEWORK/SERVICES/MEMORY/CTRL_ACCESS
arduino/hardware/avr/1.8.2/firmwares/wifishield/wifi_dnld/src/SOFTWARE_FRAMEWORK/UTILS
arduino/hardware/avr/1.8.2/firmwares/wifishield/wifi_dnld/src/SOFTWARE_FRAMEWORK/UTILS/DEBUG
arduino/hardware/avr/1.8.2/firmwares/wifishield/wifi_dnld/src/SOFTWARE_FRAMEWORK/UTILS/LIBS/NEWLIB_ADDONS/INCLUDE
arduino/hardware/avr/1.8.2/firmwares/wifishield/wifi_dnld/src/SOFTWARE_FRAMEWORK/UTILS/LINKER_SCRIPTS/AT32UC3A/0512/GCC
arduino/hardware/avr/1.8.2/firmwares/wifishield/wifi_dnld/src/SOFTWARE_FRAMEWORK/UTILS/LINKER_SCRIPTS/AT32UC3A/1256/GCC
arduino/hardware/avr/1.8.2/firmwares/wifishield/wifi_dnld/src/SOFTWARE_FRAMEWORK/UTILS/PREPROCESSOR
arduino/hardware/avr/1.8.2/firmwares/wifishield/wifi_dnld/src/SOFTWARE_FRAMEWORK/UTILS/STARTUP_FILES/GCC
arduino/hardware/avr/1.8.2/libraries/EEPROM
arduino/hardware/avr/1.8.2/libraries/EEPROM/examples/eeprom_clear
arduino/hardware/avr/1.8.2/libraries/EEPROM/examples/eeprom_crc
arduino/hardware/avr/1.8.2/libraries/EEPROM/examples/eeprom_get
arduino/hardware/avr/1.8.2/libraries/EEPROM/examples/eeprom_iteration
arduino/hardware/avr/1.8.2/libraries/EEPROM/examples/eeprom_put
arduino/hardware/avr/1.8.2/libraries/EEPROM/examples/eeprom_read
arduino/hardware/avr/1.8.2/libraries/EEPROM/examples/eeprom_update
arduino/hardware/avr/1.8.2/libraries/EEPROM/examples/eeprom_write
arduino/hardware/avr/1.8.2/libraries/EEPROM/src
arduino/hardware/avr/1.8.2/libraries/HID
arduino/hardware/avr/1.8.2/libraries/HID/src
arduino/hardware/avr/1.8.2/libraries/SoftwareSerial
arduino/hardware/avr/1.8.2/libraries/SoftwareSerial/examples/SoftwareSerialExample
arduino/hardware/avr/1.8.2/libraries/SoftwareSerial/examples/TwoPortReceive
arduino/hardware/avr/1.8.2/libraries/SoftwareSerial/src
arduino/hardware/avr/1.8.2/libraries/SPI
arduino/hardware/avr/1.8.2/libraries/SPI/examples/BarometricPressureSensor
arduino/hardware/avr/1.8.2/libraries/SPI/examples/DigitalPotControl
arduino/hardware/avr/1.8.2/libraries/SPI/src
arduino/hardware/avr/1.8.2/libraries/Wire
arduino/hardware/avr/1.8.2/libraries/Wire/examples/digital_potentiometer
arduino/hardware/avr/1.8.2/libraries/Wire/examples/master_reader
arduino/hardware/avr/1.8.2/libraries/Wire/examples/master_writer
arduino/hardware/avr/1.8.2/libraries/Wire/examples/SFRRanger_reader
arduino/hardware/avr/1.8.2/libraries/Wire/examples/slave_receiver
arduino/hardware/avr/1.8.2/libraries/Wire/examples/slave_sender
arduino/hardware/avr/1.8.2/libraries/Wire/src
arduino/hardware/avr/1.8.2/libraries/Wire/src/utility
arduino/hardware/avr/1.8.2/variants/circuitplay32u4
arduino/hardware/avr/1.8.2/variants/eightanaloginputs
arduino/hardware/avr/1.8.2/variants/ethernet
arduino/hardware/avr/1.8.2/variants/gemma
arduino/hardware/avr/1.8.2/variants/leonardo
arduino/hardware/avr/1.8.2/variants/mega
arduino/hardware/avr/1.8.2/variants/micro
arduino/hardware/avr/1.8.2/variants/robot_control
arduino/hardware/avr/1.8.2/variants/robot_motor
arduino/hardware/avr/1.8.2/variants/standard
arduino/hardware/avr/1.8.2/variants/yun
arduino/hardware/nrf52/0.6.0
arduino/hardware/nrf52/0.6.0/bin/bootloader
arduino/hardware/nrf52/0.6.0/bin/disablecrc
arduino/hardware/nrf52/0.6.0/cores/nRF5
arduino/hardware/nrf52/0.6.0/cores/nRF5/avr
arduino/hardware/nrf52/0.6.0/cores/nRF5/freertos
arduino/hardware/nrf52/0.6.0/cores/nRF5/freertos/config
arduino/hardware/nrf52/0.6.0/cores/nRF5/freertos/license
arduino/hardware/nrf52/0.6.0/cores/nRF5/freertos/portable/CMSIS/nrf52
arduino/hardware/nrf52/0.6.0/cores/nRF5/freertos/portable/GCC/nrf52
arduino/hardware/nrf52/0.6.0/cores/nRF5/freertos/source
arduino/hardware/nrf52/0.6.0/cores/nRF5/freertos/source/include
arduino/hardware/nrf52/0.6.0/cores/nRF5/freertos/source/portable
arduino/hardware/nrf52/0.6.0/cores/nRF5/freertos/source/portable/MemMang
arduino/hardware/nrf52/0.6.0/cores/nRF5/SDK/components/device
arduino/hardware/nrf52/0.6.0/cores/nRF5/SDK/components/drivers_nrf/delay
arduino/hardware/nrf52/0.6.0/cores/nRF5/SDK/components/softdevice/s132/headers
arduino/hardware/nrf52/0.6.0/cores/nRF5/SDK/components/softdevice/s132/headers/nrf52
arduino/hardware/nrf52/0.6.0/cores/nRF5/SDK/components/toolchain
arduino/hardware/nrf52/0.6.0/cores/nRF5/SDK/components/toolchain/CMSIS/Include
arduino/hardware/nrf52/0.6.0/cores/nRF5/utility
arduino/hardware/nrf52/0.6.0/libraries/Bluefruit52Lib
arduino/hardware/nrf52/0.6.0/libraries/Bluefruit52Lib/examples/Central/central_bleuart
arduino/hardware/nrf52/0.6.0/libraries/Bluefruit52Lib/examples/Central/central_scan
arduino/hardware/nrf52/0.6.0/libraries/Bluefruit52Lib/examples/Hardware/adc
arduino/hardware/nrf52/0.6.0/libraries/Bluefruit52Lib/examples/Hardware/adc_vbat
arduino/hardware/nrf52/0.6.0/libraries/Bluefruit52Lib/examples/Hardware/blinky
arduino/hardware/nrf52/0.6.0/libraries/Bluefruit52Lib/examples/Hardware/dfu_ota
arduino/hardware/nrf52/0.6.0/libraries/Bluefruit52Lib/examples/Hardware/dfu_serial
arduino/hardware/nrf52/0.6.0/libraries/Bluefruit52Lib/examples/Hardware/Fading
arduino/hardware/nrf52/0.6.0/libraries/Bluefruit52Lib/examples/Hardware/hwinfo
arduino/hardware/nrf52/0.6.0/libraries/Bluefruit52Lib/examples/Hardware/hwpwm
arduino/hardware/nrf52/0.6.0/libraries/Bluefruit52Lib/examples/Hardware/meminfo
arduino/hardware/nrf52/0.6.0/libraries/Bluefruit52Lib/examples/Hardware/nfc_to_gpio
arduino/hardware/nrf52/0.6.0/libraries/Bluefruit52Lib/examples/Hardware/rtos_scheduler
arduino/hardware/nrf52/0.6.0/libraries/Bluefruit52Lib/examples/Hardware/SerialEcho
arduino/hardware/nrf52/0.6.0/libraries/Bluefruit52Lib/examples/Peripheral/ancs
arduino/hardware/nrf52/0.6.0/libraries/Bluefruit52Lib/examples/Peripheral/ancs_oled
arduino/hardware/nrf52/0.6.0/libraries/Bluefruit52Lib/examples/Peripheral/beacon
arduino/hardware/nrf52/0.6.0/libraries/Bluefruit52Lib/examples/Peripheral/blemidi
arduino/hardware/nrf52/0.6.0/libraries/Bluefruit52Lib/examples/Peripheral/bleuart
arduino/hardware/nrf52/0.6.0/libraries/Bluefruit52Lib/examples/Peripheral/blinky_ota
arduino/hardware/nrf52/0.6.0/libraries/Bluefruit52Lib/examples/Peripheral/clearbonds
arduino/hardware/nrf52/0.6.0/libraries/Bluefruit52Lib/examples/Peripheral/controller
arduino/hardware/nrf52/0.6.0/libraries/Bluefruit52Lib/examples/Peripheral/custom_hrm
arduino/hardware/nrf52/0.6.0/libraries/Bluefruit52Lib/examples/Peripheral/hid_camerashutter
arduino/hardware/nrf52/0.6.0/libraries/Bluefruit52Lib/examples/Peripheral/hid_keyboard
arduino/hardware/nrf52/0.6.0/libraries/Bluefruit52Lib/examples/Peripheral/hid_mouse
arduino/hardware/nrf52/0.6.0/libraries/Bluefruit52Lib/examples/Peripheral/neomatrix
arduino/hardware/nrf52/0.6.0/libraries/Bluefruit52Lib/examples/Peripheral/neopixel
arduino/hardware/nrf52/0.6.0/libraries/Bluefruit52Lib/examples/Peripheral/throughput
arduino/hardware/nrf52/0.6.0/libraries/Bluefruit52Lib/src
arduino/hardware/nrf52/0.6.0/libraries/Bluefruit52Lib/src/clients
arduino/hardware/nrf52/0.6.0/libraries/Bluefruit52Lib/src/services
arduino/hardware/nrf52/0.6.0/libraries/Bluefruit52Lib/src/utility
arduino/hardware/nrf52/0.6.0/libraries/nffs
arduino/hardware/nrf52/0.6.0/libraries/nffs/examples/ListFiles
arduino/hardware/nrf52/0.6.0/libraries/nffs/examples/ReadWrite
arduino/hardware/nrf52/0.6.0/libraries/nffs/src
arduino/hardware/nrf52/0.6.0/libraries/nffs/src/fs/fs
arduino/hardware/nrf52/0.6.0/libraries/nffs/src/fs/fs/include/fs
arduino/hardware/nrf52/0.6.0/libraries/nffs/src/fs/fs/src
arduino/hardware/nrf52/0.6.0/libraries/nffs/src/fs/nffs
arduino/hardware/nrf52/0.6.0/libraries/nffs/src/fs/nffs/include/nffs
arduino/hardware/nrf52/0.6.0/libraries/nffs/src/fs/nffs/src
arduino/hardware/nrf52/0.6.0/libraries/nffs/src/hw/hal/include/hal
arduino/hardware/nrf52/0.6.0/libraries/nffs/src/hw/hal/src
arduino/hardware/nrf52/0.6.0/libraries/nffs/src/kernel/os/include/os
arduino/hardware/nrf52/0.6.0/libraries/nffs/src/kernel/os/include/os/arch/cortex_m4/os
arduino/hardware/nrf52/0.6.0/libraries/nffs/src/kernel/os/src
arduino/hardware/nrf52/0.6.0/libraries/nffs/src/sys/flash_map/include/flash_map
arduino/hardware/nrf52/0.6.0/libraries/nffs/src/syscfg
arduino/hardware/nrf52/0.6.0/libraries/nffs/src/util/crc
arduino/hardware/nrf52/0.6.0/libraries/nffs/src/util/crc/include/crc
arduino/hardware/nrf52/0.6.0/libraries/nffs/src/util/crc/src
arduino/hardware/nrf52/0.6.0/libraries/SPI
arduino/hardware/nrf52/0.6.0/libraries/SPI/examples/BarometricPressureSensor
arduino/hardware/nrf52/0.6.0/libraries/SPI/examples/DigitalPotControl
arduino/hardware/nrf52/0.6.0/libraries/Wire
arduino/hardware/nrf52/0.6.0/libraries/Wire/examples/digital_potentiometer
arduino/hardware/nrf52/0.6.0/libraries/Wire/examples/master_reader
arduino/hardware/nrf52/0.6.0/libraries/Wire/examples/master_writer
arduino/hardware/nrf52/0.6.0/libraries/Wire/examples/SFRRanger_reader
arduino/hardware/nrf52/0.6.0/libraries/Wire/examples/slave_receiver
arduino/hardware/nrf52/0.6.0/libraries/Wire/examples/slave_sender
arduino/hardware/nrf52/0.6.0/tools
arduino/hardware/nrf52/0.6.0/tools/bootutil
arduino/hardware/nrf52/0.6.0/tools/bootutil/binaries/linux
arduino/hardware/nrf52/0.6.0/tools/bootutil/binaries/osx
arduino/hardware/nrf52/0.6.0/tools/midi_tests
arduino/hardware/nrf52/0.6.0/tools/midi_tests/rx_arduino
arduino/hardware/nrf52/0.6.0/tools/midi_tests/tx_arduino
arduino/hardware/nrf52/0.6.0/tools/nrfutil-0.5.2
arduino/hardware/nrf52/0.6.0/tools/nrfutil-0.5.2/binaries/macos
arduino/hardware/nrf52/0.6.0/tools/nrfutil-0.5.2/binaries/macos/lib
arduino/hardware/nrf52/0.6.0/tools/nrfutil-0.5.2/binaries/macos/lib/python2.7/Carbon
arduino/hardware/nrf52/0.6.0/tools/nrfutil-0.5.2/binaries/macos/lib/python2.7/click
arduino/hardware/nrf52/0.6.0/tools/nrfutil-0.5.2/binaries/macos/lib/python2.7/ctypes
arduino/hardware/nrf52/0.6.0/tools/nrfutil-0.5.2/binaries/macos/lib/python2.7/ctypes/macholib
arduino/hardware/nrf52/0.6.0/tools/nrfutil-0.5.2/binaries/macos/lib/python2.7/distutils
arduino/hardware/nrf52/0.6.0/tools/nrfutil-0.5.2/binaries/macos/lib/python2.7/distutils/command
arduino/hardware/nrf52/0.6.0/tools/nrfutil-0.5.2/binaries/macos/lib/python2.7/distutils/tests
arduino/hardware/nrf52/0.6.0/tools/nrfutil-0.5.2/binaries/macos/lib/python2.7/ecdsa
arduino/hardware/nrf52/0.6.0/tools/nrfutil-0.5.2/binaries/macos/lib/python2.7/email
arduino/hardware/nrf52/0.6.0/tools/nrfutil-0.5.2/binaries/macos/lib/python2.7/email/mime
arduino/hardware/nrf52/0.6.0/tools/nrfutil-0.5.2/binaries/macos/lib/python2.7/email/test/data
arduino/hardware/nrf52/0.6.0/tools/nrfutil-0.5.2/binaries/macos/lib/python2.7/encodings
arduino/hardware/nrf52/0.6.0/tools/nrfutil-0.5.2/binaries/macos/lib/python2.7/enum
arduino/hardware/nrf52/0.6.0/tools/nrfutil-0.5.2/binaries/macos/lib/python2.7/Finder
arduino/hardware/nrf52/0.6.0/tools/nrfutil-0.5.2/binaries/macos/lib/python2.7/importlib
arduino/hardware/nrf52/0.6.0/tools/nrfutil-0.5.2/binaries/macos/lib/python2.7/json
arduino/hardware/nrf52/0.6.0/tools/nrfutil-0.5.2/binaries/macos/lib/python2.7/logging
arduino/hardware/nrf52/0.6.0/tools/nrfutil-0.5.2/binaries/macos/lib/python2.7/nordicsemi
arduino/hardware/nrf52/0.6.0/tools/nrfutil-0.5.2/binaries/macos/lib/python2.7/nordicsemi/dfu
arduino/hardware/nrf52/0.6.0/tools/nrfutil-0.5.2/binaries/macos/lib/python2.7/nordicsemi/dfu/intelhex
arduino/hardware/nrf52/0.6.0/tools/nrfutil-0.5.2/binaries/macos/lib/python2.7/pkg_resources
arduino/hardware/nrf52/0.6.0/tools/nrfutil-0.5.2/binaries/macos/lib/python2.7/pkg_resources/extern
arduino/hardware/nrf52/0.6.0/tools/nrfutil-0.5.2/binaries/macos/lib/python2.7/serial
arduino/hardware/nrf52/0.6.0/tools/nrfutil-0.5.2/binaries/macos/lib/python2.7/StdSuites
arduino/hardware/nrf52/0.6.0/tools/nrfutil-0.5.2/binaries/macos/lib/python2.7/unittest
arduino/hardware/nrf52/0.6.0/tools/nrfutil-0.5.2/binaries/macos/lib/python2.7/xml
arduino/hardware/nrf52/0.6.0/tools/nrfutil-0.5.2/binaries/macos/lib/python2.7/xml/parsers
arduino/hardware/nrf52/0.6.0/tools/nrfutil-0.5.2/binaries/macos/lib/python2.7/_builtinSuites
arduino/hardware/nrf52/0.6.0/tools/nrfutil-0.5.2/nordicsemi
arduino/hardware/nrf52/0.6.0/tools/nrfutil-0.5.2/nordicsemi/bluetooth
arduino/hardware/nrf52/0.6.0/tools/nrfutil-0.5.2/nordicsemi/bluetooth/hci
arduino/hardware/nrf52/0.6.0/tools/nrfutil-0.5.2/nordicsemi/bluetooth/hci/tests
arduino/hardware/nrf52/0.6.0/tools/nrfutil-0.5.2/nordicsemi/dfu
arduino/hardware/nrf52/0.6.0/tools/nrfutil-0.5.2/nordicsemi/dfu/intelhex
arduino/hardware/nrf52/0.6.0/tools/nrfutil-0.5.2/nordicsemi/dfu/tests
arduino/hardware/nrf52/0.6.0/tools/nrfutil-0.5.2/nordicsemi/dfu/tests/firmwares
arduino/hardware/nrf52/0.6.0/tools/nrfutil-0.5.2/nordicsemi/utility
arduino/hardware/nrf52/0.6.0/tools/nrfutil-0.5.2/nordicsemi/utility/tests
arduino/hardware/nrf52/0.6.0/tools/nrfutil-0.5.2/tests/bdd
arduino/hardware/nrf52/0.6.0/tools/nrfutil-0.5.2/tests/bdd/steps
arduino/hardware/nrf52/0.6.0/tools/nrfutil-0.5.2/tests/resources
arduino/hardware/nrf52/0.6.0/tools/pynrfbintool
arduino/hardware/nrf52/0.6.0/variants/feather52
arduino/hardware/samd/1.5.7
arduino/hardware/samd/1.5.7/bootloaders/circuitplayM0
arduino/hardware/samd/1.5.7/bootloaders/feather
arduino/hardware/samd/1.5.7/bootloaders/featherM0
arduino/hardware/samd/1.5.7/bootloaders/featherM4
arduino/hardware/samd/1.5.7/bootloaders/gemmaM0
arduino/hardware/samd/1.5.7/bootloaders/hallowingM0
arduino/hardware/samd/1.5.7/bootloaders/itsybitsyM0
arduino/hardware/samd/1.5.7/bootloaders/itsybitsyM4
arduino/hardware/samd/1.5.7/bootloaders/metroM0
arduino/hardware/samd/1.5.7/bootloaders/metroM4
arduino/hardware/samd/1.5.7/bootloaders/mkr1000
arduino/hardware/samd/1.5.7/bootloaders/mkrfox1200
arduino/hardware/samd/1.5.7/bootloaders/mkrgsm1400
arduino/hardware/samd/1.5.7/bootloaders/mkrnb1500
arduino/hardware/samd/1.5.7/bootloaders/mkrwan1300
arduino/hardware/samd/1.5.7/bootloaders/mkrwifi1010
arduino/hardware/samd/1.5.7/bootloaders/mkrzero
arduino/hardware/samd/1.5.7/bootloaders/mzero
arduino/hardware/samd/1.5.7/bootloaders/mzero/Bootloader_D21
arduino/hardware/samd/1.5.7/bootloaders/mzero/Bootloader_D21/src
arduino/hardware/samd/1.5.7/bootloaders/mzero/Bootloader_D21/src/ASF/common/boards
arduino/hardware/samd/1.5.7/bootloaders/mzero/Bootloader_D21/src/ASF/common/services/sleepmgr
arduino/hardware/samd/1.5.7/bootloaders/mzero/Bootloader_D21/src/ASF/common/services/sleepmgr/samd
arduino/hardware/samd/1.5.7/bootloaders/mzero/Bootloader_D21/src/ASF/common/services/usb
arduino/hardware/samd/1.5.7/bootloaders/mzero/Bootloader_D21/src/ASF/common/services/usb/class/cdc
arduino/hardware/samd/1.5.7/bootloaders/mzero/Bootloader_D21/src/ASF/common/services/usb/class/cdc/device
arduino/hardware/samd/1.5.7/bootloaders/mzero/Bootloader_D21/src/ASF/common/services/usb/udc
arduino/hardware/samd/1.5.7/bootloaders/mzero/Bootloader_D21/src/ASF/common/utils
arduino/hardware/samd/1.5.7/bootloaders/mzero/Bootloader_D21/src/ASF/common/utils/interrupt
arduino/hardware/samd/1.5.7/bootloaders/mzero/Bootloader_D21/src/ASF/sam0/boards/samd21_xplained_pro
arduino/hardware/samd/1.5.7/bootloaders/mzero/Bootloader_D21/src/ASF/sam0/drivers/port
arduino/hardware/samd/1.5.7/bootloaders/mzero/Bootloader_D21/src/ASF/sam0/drivers/port/quick_start
arduino/hardware/samd/1.5.7/bootloaders/mzero/Bootloader_D21/src/ASF/sam0/drivers/rtc
arduino/hardware/samd/1.5.7/bootloaders/mzero/Bootloader_D21/src/ASF/sam0/drivers/rtc/quick_start_count
arduino/hardware/samd/1.5.7/bootloaders/mzero/Bootloader_D21/src/ASF/sam0/drivers/rtc/quick_start_count_callback
arduino/hardware/samd/1.5.7/bootloaders/mzero/Bootloader_D21/src/ASF/sam0/drivers/system
arduino/hardware/samd/1.5.7/bootloaders/mzero/Bootloader_D21/src/ASF/sam0/drivers/system/clock
arduino/hardware/samd/1.5.7/bootloaders/mzero/Bootloader_D21/src/ASF/sam0/drivers/system/clock/clock_samd21_r21
arduino/hardware/samd/1.5.7/bootloaders/mzero/Bootloader_D21/src/ASF/sam0/drivers/system/clock/quick_start_clock
arduino/hardware/samd/1.5.7/bootloaders/mzero/Bootloader_D21/src/ASF/sam0/drivers/system/clock/quick_start_gclk
arduino/hardware/samd/1.5.7/bootloaders/mzero/Bootloader_D21/src/ASF/sam0/drivers/system/interrupt
arduino/hardware/samd/1.5.7/bootloaders/mzero/Bootloader_D21/src/ASF/sam0/drivers/system/interrupt/quick_start
arduino/hardware/samd/1.5.7/bootloaders/mzero/Bootloader_D21/src/ASF/sam0/drivers/system/interrupt/system_interrupt_samd21
arduino/hardware/samd/1.5.7/bootloaders/mzero/Bootloader_D21/src/ASF/sam0/drivers/system/pinmux
arduino/hardware/samd/1.5.7/bootloaders/mzero/Bootloader_D21/src/ASF/sam0/drivers/system/pinmux/quick_start
arduino/hardware/samd/1.5.7/bootloaders/mzero/Bootloader_D21/src/ASF/sam0/drivers/usb
arduino/hardware/samd/1.5.7/bootloaders/mzero/Bootloader_D21/src/ASF/sam0/drivers/usb/stack_interface
arduino/hardware/samd/1.5.7/bootloaders/mzero/Bootloader_D21/src/ASF/sam0/utils
arduino/hardware/samd/1.5.7/bootloaders/mzero/Bootloader_D21/src/ASF/sam0/utils/cmsis/samd21/include
arduino/hardware/samd/1.5.7/bootloaders/mzero/Bootloader_D21/src/ASF/sam0/utils/cmsis/samd21/include/component
arduino/hardware/samd/1.5.7/bootloaders/mzero/Bootloader_D21/src/ASF/sam0/utils/cmsis/samd21/include/instance
arduino/hardware/samd/1.5.7/bootloaders/mzero/Bootloader_D21/src/ASF/sam0/utils/cmsis/samd21/include/pio
arduino/hardware/samd/1.5.7/bootloaders/mzero/Bootloader_D21/src/ASF/sam0/utils/cmsis/samd21/source
arduino/hardware/samd/1.5.7/bootloaders/mzero/Bootloader_D21/src/ASF/sam0/utils/cmsis/samd21/source/gcc
arduino/hardware/samd/1.5.7/bootloaders/mzero/Bootloader_D21/src/ASF/sam0/utils/header_files
arduino/hardware/samd/1.5.7/bootloaders/mzero/Bootloader_D21/src/ASF/sam0/utils/linker_scripts/samd21/gcc
arduino/hardware/samd/1.5.7/bootloaders/mzero/Bootloader_D21/src/ASF/sam0/utils/make
arduino/hardware/samd/1.5.7/bootloaders/mzero/Bootloader_D21/src/ASF/sam0/utils/preprocessor
arduino/hardware/samd/1.5.7/bootloaders/mzero/Bootloader_D21/src/ASF/sam0/utils/syscalls/gcc
arduino/hardware/samd/1.5.7/bootloaders/mzero/Bootloader_D21/src/ASF/thirdparty/CMSIS
arduino/hardware/samd/1.5.7/bootloaders/mzero/Bootloader_D21/src/ASF/thirdparty/CMSIS/Include
arduino/hardware/samd/1.5.7/bootloaders/mzero/Bootloader_D21/src/ASF/thirdparty/CMSIS/Lib/GCC
arduino/hardware/samd/1.5.7/bootloaders/mzero/Bootloader_D21/src/config
arduino/hardware/samd/1.5.7/bootloaders/pirky
arduino/hardware/samd/1.5.7/bootloaders/sofia
arduino/hardware/samd/1.5.7/bootloaders/sofia/Bootloader_D21_Sofia_V2.1
arduino/hardware/samd/1.5.7/bootloaders/sofia/Bootloader_D21_Sofia_V2.1/src
arduino/hardware/samd/1.5.7/bootloaders/sofia/Bootloader_D21_Sofia_V2.1/src/ASF/common/boards
arduino/hardware/samd/1.5.7/bootloaders/sofia/Bootloader_D21_Sofia_V2.1/src/ASF/common/services/sleepmgr
arduino/hardware/samd/1.5.7/bootloaders/sofia/Bootloader_D21_Sofia_V2.1/src/ASF/common/services/sleepmgr/samd
arduino/hardware/samd/1.5.7/bootloaders/sofia/Bootloader_D21_Sofia_V2.1/src/ASF/common/services/usb
arduino/hardware/samd/1.5.7/bootloaders/sofia/Bootloader_D21_Sofia_V2.1/src/ASF/common/services/usb/class/cdc
arduino/hardware/samd/1.5.7/bootloaders/sofia/Bootloader_D21_Sofia_V2.1/src/ASF/common/services/usb/class/cdc/device
arduino/hardware/samd/1.5.7/bootloaders/sofia/Bootloader_D21_Sofia_V2.1/src/ASF/common/services/usb/udc
arduino/hardware/samd/1.5.7/bootloaders/sofia/Bootloader_D21_Sofia_V2.1/src/ASF/common/utils
arduino/hardware/samd/1.5.7/bootloaders/sofia/Bootloader_D21_Sofia_V2.1/src/ASF/common/utils/interrupt
arduino/hardware/samd/1.5.7/bootloaders/sofia/Bootloader_D21_Sofia_V2.1/src/ASF/sam0/boards/samd21_xplained_pro
arduino/hardware/samd/1.5.7/bootloaders/sofia/Bootloader_D21_Sofia_V2.1/src/ASF/sam0/drivers/port
arduino/hardware/samd/1.5.7/bootloaders/sofia/Bootloader_D21_Sofia_V2.1/src/ASF/sam0/drivers/port/quick_start
arduino/hardware/samd/1.5.7/bootloaders/sofia/Bootloader_D21_Sofia_V2.1/src/ASF/sam0/drivers/rtc
arduino/hardware/samd/1.5.7/bootloaders/sofia/Bootloader_D21_Sofia_V2.1/src/ASF/sam0/drivers/rtc/quick_start_count
arduino/hardware/samd/1.5.7/bootloaders/sofia/Bootloader_D21_Sofia_V2.1/src/ASF/sam0/drivers/rtc/quick_start_count_callback
arduino/hardware/samd/1.5.7/bootloaders/sofia/Bootloader_D21_Sofia_V2.1/src/ASF/sam0/drivers/sercom
arduino/hardware/samd/1.5.7/bootloaders/sofia/Bootloader_D21_Sofia_V2.1/src/ASF/sam0/drivers/sercom/usart
arduino/hardware/samd/1.5.7/bootloaders/sofia/Bootloader_D21_Sofia_V2.1/src/ASF/sam0/drivers/sercom/usart/quick_start
arduino/hardware/samd/1.5.7/bootloaders/sofia/Bootloader_D21_Sofia_V2.1/src/ASF/sam0/drivers/sercom/usart/quick_start_dma
arduino/hardware/samd/1.5.7/bootloaders/sofia/Bootloader_D21_Sofia_V2.1/src/ASF/sam0/drivers/system
arduino/hardware/samd/1.5.7/bootloaders/sofia/Bootloader_D21_Sofia_V2.1/src/ASF/sam0/drivers/system/clock
arduino/hardware/samd/1.5.7/bootloaders/sofia/Bootloader_D21_Sofia_V2.1/src/ASF/sam0/drivers/system/clock/clock_samd21_r21
arduino/hardware/samd/1.5.7/bootloaders/sofia/Bootloader_D21_Sofia_V2.1/src/ASF/sam0/drivers/system/clock/quick_start_clock
arduino/hardware/samd/1.5.7/bootloaders/sofia/Bootloader_D21_Sofia_V2.1/src/ASF/sam0/drivers/system/clock/quick_start_gclk
arduino/hardware/samd/1.5.7/bootloaders/sofia/Bootloader_D21_Sofia_V2.1/src/ASF/sam0/drivers/system/interrupt
arduino/hardware/samd/1.5.7/bootloaders/sofia/Bootloader_D21_Sofia_V2.1/src/ASF/sam0/drivers/system/interrupt/quick_start
arduino/hardware/samd/1.5.7/bootloaders/sofia/Bootloader_D21_Sofia_V2.1/src/ASF/sam0/drivers/system/interrupt/system_interrupt_samd21
arduino/hardware/samd/1.5.7/bootloaders/sofia/Bootloader_D21_Sofia_V2.1/src/ASF/sam0/drivers/system/pinmux
arduino/hardware/samd/1.5.7/bootloaders/sofia/Bootloader_D21_Sofia_V2.1/src/ASF/sam0/drivers/system/pinmux/quick_start
arduino/hardware/samd/1.5.7/bootloaders/sofia/Bootloader_D21_Sofia_V2.1/src/ASF/sam0/drivers/usb
arduino/hardware/samd/1.5.7/bootloaders/sofia/Bootloader_D21_Sofia_V2.1/src/ASF/sam0/drivers/usb/stack_interface
arduino/hardware/samd/1.5.7/bootloaders/sofia/Bootloader_D21_Sofia_V2.1/src/ASF/sam0/utils
arduino/hardware/samd/1.5.7/bootloaders/sofia/Bootloader_D21_Sofia_V2.1/src/ASF/sam0/utils/cmsis/samd21/include
arduino/hardware/samd/1.5.7/bootloaders/sofia/Bootloader_D21_Sofia_V2.1/src/ASF/sam0/utils/cmsis/samd21/include/component
arduino/hardware/samd/1.5.7/bootloaders/sofia/Bootloader_D21_Sofia_V2.1/src/ASF/sam0/utils/cmsis/samd21/include/instance
arduino/hardware/samd/1.5.7/bootloaders/sofia/Bootloader_D21_Sofia_V2.1/src/ASF/sam0/utils/cmsis/samd21/include/pio
arduino/hardware/samd/1.5.7/bootloaders/sofia/Bootloader_D21_Sofia_V2.1/src/ASF/sam0/utils/cmsis/samd21/source
arduino/hardware/samd/1.5.7/bootloaders/sofia/Bootloader_D21_Sofia_V2.1/src/ASF/sam0/utils/cmsis/samd21/source/gcc
arduino/hardware/samd/1.5.7/bootloaders/sofia/Bootloader_D21_Sofia_V2.1/src/ASF/sam0/utils/header_files
arduino/hardware/samd/1.5.7/bootloaders/sofia/Bootloader_D21_Sofia_V2.1/src/ASF/sam0/utils/linker_scripts/samd21/gcc
arduino/hardware/samd/1.5.7/bootloaders/sofia/Bootloader_D21_Sofia_V2.1/src/ASF/sam0/utils/make
arduino/hardware/samd/1.5.7/bootloaders/sofia/Bootloader_D21_Sofia_V2.1/src/ASF/sam0/utils/preprocessor
arduino/hardware/samd/1.5.7/bootloaders/sofia/Bootloader_D21_Sofia_V2.1/src/ASF/sam0/utils/syscalls/gcc
arduino/hardware/samd/1.5.7/bootloaders/sofia/Bootloader_D21_Sofia_V2.1/src/ASF/thirdparty/CMSIS
arduino/hardware/samd/1.5.7/bootloaders/sofia/Bootloader_D21_Sofia_V2.1/src/ASF/thirdparty/CMSIS/Include
arduino/hardware/samd/1.5.7/bootloaders/sofia/Bootloader_D21_Sofia_V2.1/src/ASF/thirdparty/CMSIS/Lib/GCC
arduino/hardware/samd/1.5.7/bootloaders/sofia/Bootloader_D21_Sofia_V2.1/src/config
arduino/hardware/samd/1.5.7/bootloaders/trinketm0
arduino/hardware/samd/1.5.7/bootloaders/zero
arduino/hardware/samd/1.5.7/cores/arduino
arduino/hardware/samd/1.5.7/cores/arduino/Adafruit_TinyUSB_Core
arduino/hardware/samd/1.5.7/cores/arduino/Adafruit_TinyUSB_Core/tinyusb/src
arduino/hardware/samd/1.5.7/cores/arduino/Adafruit_TinyUSB_Core/tinyusb/src/class/audio
arduino/hardware/samd/1.5.7/cores/arduino/Adafruit_TinyUSB_Core/tinyusb/src/class/cdc
arduino/hardware/samd/1.5.7/cores/arduino/Adafruit_TinyUSB_Core/tinyusb/src/class/hid
arduino/hardware/samd/1.5.7/cores/arduino/Adafruit_TinyUSB_Core/tinyusb/src/class/midi
arduino/hardware/samd/1.5.7/cores/arduino/Adafruit_TinyUSB_Core/tinyusb/src/class/msc
arduino/hardware/samd/1.5.7/cores/arduino/Adafruit_TinyUSB_Core/tinyusb/src/class/vendor
arduino/hardware/samd/1.5.7/cores/arduino/Adafruit_TinyUSB_Core/tinyusb/src/common
arduino/hardware/samd/1.5.7/cores/arduino/Adafruit_TinyUSB_Core/tinyusb/src/device
arduino/hardware/samd/1.5.7/cores/arduino/Adafruit_TinyUSB_Core/tinyusb/src/osal
arduino/hardware/samd/1.5.7/cores/arduino/Adafruit_TinyUSB_Core/tinyusb/src/portable/microchip/samd21
arduino/hardware/samd/1.5.7/cores/arduino/Adafruit_TinyUSB_Core/tinyusb/src/portable/microchip/samd51
arduino/hardware/samd/1.5.7/cores/arduino/avr
arduino/hardware/samd/1.5.7/cores/arduino/USB
arduino/hardware/samd/1.5.7/drivers
arduino/hardware/samd/1.5.7/drivers/prewin10
arduino/hardware/samd/1.5.7/extras
arduino/hardware/samd/1.5.7/libraries/Adafruit_ZeroDMA
arduino/hardware/samd/1.5.7/libraries/Adafruit_ZeroDMA/examples/zerodma_memcpy
arduino/hardware/samd/1.5.7/libraries/Adafruit_ZeroDMA/examples/zerodma_spi1
arduino/hardware/samd/1.5.7/libraries/Adafruit_ZeroDMA/examples/zerodma_spi2
arduino/hardware/samd/1.5.7/libraries/Adafruit_ZeroDMA/utility
arduino/hardware/samd/1.5.7/libraries/HID
arduino/hardware/samd/1.5.7/libraries/I2S
arduino/hardware/samd/1.5.7/libraries/I2S/examples/InputSerialPlotter
arduino/hardware/samd/1.5.7/libraries/I2S/examples/SimpleTone
arduino/hardware/samd/1.5.7/libraries/I2S/src
arduino/hardware/samd/1.5.7/libraries/I2S/src/utility
arduino/hardware/samd/1.5.7/libraries/SAMD_AnalogCorrection
arduino/hardware/samd/1.5.7/libraries/SAMD_AnalogCorrection/examples/CorrectADCResponse
arduino/hardware/samd/1.5.7/libraries/SAMD_AnalogCorrection/src
arduino/hardware/samd/1.5.7/libraries/SDU
arduino/hardware/samd/1.5.7/libraries/SDU/examples/Usage
arduino/hardware/samd/1.5.7/libraries/SDU/extras/SDUBoot
arduino/hardware/samd/1.5.7/libraries/SDU/src
arduino/hardware/samd/1.5.7/libraries/SDU/src/boot
arduino/hardware/samd/1.5.7/libraries/Servo
arduino/hardware/samd/1.5.7/libraries/Servo/examples/Knob
arduino/hardware/samd/1.5.7/libraries/Servo/examples/Sweep
arduino/hardware/samd/1.5.7/libraries/Servo/src
arduino/hardware/samd/1.5.7/libraries/Servo/src/avr
arduino/hardware/samd/1.5.7/libraries/Servo/src/megaavr
arduino/hardware/samd/1.5.7/libraries/Servo/src/nrf52
arduino/hardware/samd/1.5.7/libraries/Servo/src/sam
arduino/hardware/samd/1.5.7/libraries/Servo/src/samd
arduino/hardware/samd/1.5.7/libraries/Servo/src/stm32f4
arduino/hardware/samd/1.5.7/libraries/SPI
arduino/hardware/samd/1.5.7/libraries/SPI/examples/BarometricPressureSensor
arduino/hardware/samd/1.5.7/libraries/SPI/examples/DigitalPotControl
arduino/hardware/samd/1.5.7/libraries/USBHost
arduino/hardware/samd/1.5.7/libraries/USBHost/examples/ADKTerminalTest
arduino/hardware/samd/1.5.7/libraries/USBHost/examples/KeyboardController
arduino/hardware/samd/1.5.7/libraries/USBHost/examples/MouseController
arduino/hardware/samd/1.5.7/libraries/USBHost/examples/USB_desc
arduino/hardware/samd/1.5.7/libraries/USBHost/src
arduino/hardware/samd/1.5.7/libraries/Wire
arduino/hardware/samd/1.5.7/libraries/Wire/examples/digital_potentiometer
arduino/hardware/samd/1.5.7/libraries/Wire/examples/master_reader
arduino/hardware/samd/1.5.7/libraries/Wire/examples/master_writer
arduino/hardware/samd/1.5.7/libraries/Wire/examples/SFRRanger_reader
arduino/hardware/samd/1.5.7/libraries/Wire/examples/slave_receiver
arduino/hardware/samd/1.5.7/libraries/Wire/examples/slave_sender
arduino/hardware/samd/1.5.7/variants/arduino_mzero
arduino/hardware/samd/1.5.7/variants/arduino_mzero/debug_scripts
arduino/hardware/samd/1.5.7/variants/arduino_mzero/linker_scripts/gcc
arduino/hardware/samd/1.5.7/variants/arduino_mzero/openocd_scripts
arduino/hardware/samd/1.5.7/variants/arduino_zero
arduino/hardware/samd/1.5.7/variants/arduino_zero/debug_scripts
arduino/hardware/samd/1.5.7/variants/arduino_zero/linker_scripts/gcc
arduino/hardware/samd/1.5.7/variants/arduino_zero/openocd_scripts
arduino/hardware/samd/1.5.7/variants/circuitplay
arduino/hardware/samd/1.5.7/variants/circuitplay/debug_scripts
arduino/hardware/samd/1.5.7/variants/circuitplay/linker_scripts/gcc
arduino/hardware/samd/1.5.7/variants/circuitplay/openocd_scripts
arduino/hardware/samd/1.5.7/variants/crickit_m0
arduino/hardware/samd/1.5.7/variants/crickit_m0/debug_scripts
arduino/hardware/samd/1.5.7/variants/crickit_m0/linker_scripts/gcc
arduino/hardware/samd/1.5.7/variants/crickit_m0/openocd_scripts
arduino/hardware/samd/1.5.7/variants/feather_m0
arduino/hardware/samd/1.5.7/variants/feather_m0/debug_scripts
arduino/hardware/samd/1.5.7/variants/feather_m0/linker_scripts/gcc
arduino/hardware/samd/1.5.7/variants/feather_m0/openocd_scripts
arduino/hardware/samd/1.5.7/variants/feather_m0_express
arduino/hardware/samd/1.5.7/variants/feather_m0_express/debug_scripts
arduino/hardware/samd/1.5.7/variants/feather_m0_express/linker_scripts/gcc
arduino/hardware/samd/1.5.7/variants/feather_m0_express/openocd_scripts
arduino/hardware/samd/1.5.7/variants/feather_m4
arduino/hardware/samd/1.5.7/variants/feather_m4/linker_scripts/gcc
arduino/hardware/samd/1.5.7/variants/gemma_m0
arduino/hardware/samd/1.5.7/variants/gemma_m0/debug_scripts
arduino/hardware/samd/1.5.7/variants/gemma_m0/linker_scripts/gcc
arduino/hardware/samd/1.5.7/variants/gemma_m0/openocd_scripts
arduino/hardware/samd/1.5.7/variants/grand_central_m4
arduino/hardware/samd/1.5.7/variants/grand_central_m4/linker_scripts/gcc
arduino/hardware/samd/1.5.7/variants/hallowing_m0_express
arduino/hardware/samd/1.5.7/variants/hallowing_m0_express/debug_scripts
arduino/hardware/samd/1.5.7/variants/hallowing_m0_express/linker_scripts/gcc
arduino/hardware/samd/1.5.7/variants/hallowing_m0_express/openocd_scripts
arduino/hardware/samd/1.5.7/variants/hallowing_m4
arduino/hardware/samd/1.5.7/variants/hallowing_m4/debug_scripts
arduino/hardware/samd/1.5.7/variants/hallowing_m4/linker_scripts/gcc
arduino/hardware/samd/1.5.7/variants/hallowing_m4/openocd_scripts
arduino/hardware/samd/1.5.7/variants/itsybitsy_m0
arduino/hardware/samd/1.5.7/variants/itsybitsy_m0/debug_scripts
arduino/hardware/samd/1.5.7/variants/itsybitsy_m0/linker_scripts/gcc
arduino/hardware/samd/1.5.7/variants/itsybitsy_m0/openocd_scripts
arduino/hardware/samd/1.5.7/variants/itsybitsy_m4
arduino/hardware/samd/1.5.7/variants/itsybitsy_m4/linker_scripts/gcc
arduino/hardware/samd/1.5.7/variants/metro_m0
arduino/hardware/samd/1.5.7/variants/metro_m0/debug_scripts
arduino/hardware/samd/1.5.7/variants/metro_m0/linker_scripts/gcc
arduino/hardware/samd/1.5.7/variants/metro_m0/openocd_scripts
arduino/hardware/samd/1.5.7/variants/metro_m4
arduino/hardware/samd/1.5.7/variants/metro_m4/linker_scripts/gcc
arduino/hardware/samd/1.5.7/variants/metro_m4_airlift
arduino/hardware/samd/1.5.7/variants/metro_m4_airlift/linker_scripts/gcc
arduino/hardware/samd/1.5.7/variants/mkr1000
arduino/hardware/samd/1.5.7/variants/mkr1000/debug_scripts
arduino/hardware/samd/1.5.7/variants/mkr1000/linker_scripts/gcc
arduino/hardware/samd/1.5.7/variants/mkr1000/openocd_scripts
arduino/hardware/samd/1.5.7/variants/mkrfox1200
arduino/hardware/samd/1.5.7/variants/mkrfox1200/debug_scripts
arduino/hardware/samd/1.5.7/variants/mkrfox1200/linker_scripts/gcc
arduino/hardware/samd/1.5.7/variants/mkrfox1200/openocd_scripts
arduino/hardware/samd/1.5.7/variants/mkrgsm1400
arduino/hardware/samd/1.5.7/variants/mkrnb1500
arduino/hardware/samd/1.5.7/variants/mkrnb1500/debug_scripts
arduino/hardware/samd/1.5.7/variants/mkrnb1500/linker_scripts/gcc
arduino/hardware/samd/1.5.7/variants/mkrnb1500/openocd_scripts
arduino/hardware/samd/1.5.7/variants/mkrwan1300
arduino/hardware/samd/1.5.7/variants/mkrwifi1010
arduino/hardware/samd/1.5.7/variants/mkrzero
arduino/hardware/samd/1.5.7/variants/mkrzero/debug_scripts
arduino/hardware/samd/1.5.7/variants/mkrzero/linker_scripts/gcc
arduino/hardware/samd/1.5.7/variants/mkrzero/openocd_scripts
arduino/hardware/samd/1.5.7/variants/monster_m4sk
arduino/hardware/samd/1.5.7/variants/monster_m4sk/linker_scripts/gcc
arduino/hardware/samd/1.5.7/variants/pirkey
arduino/hardware/samd/1.5.7/variants/pirkey/debug_scripts
arduino/hardware/samd/1.5.7/variants/pirkey/linker_scripts/gcc
arduino/hardware/samd/1.5.7/variants/pirkey/openocd_scripts
arduino/hardware/samd/1.5.7/variants/pybadge_airlift_m4
arduino/hardware/samd/1.5.7/variants/pybadge_airlift_m4/debug_scripts
arduino/hardware/samd/1.5.7/variants/pybadge_airlift_m4/linker_scripts/gcc
arduino/hardware/samd/1.5.7/variants/pybadge_airlift_m4/openocd_scripts
arduino/hardware/samd/1.5.7/variants/pybadge_m4
arduino/hardware/samd/1.5.7/variants/pybadge_m4/debug_scripts
arduino/hardware/samd/1.5.7/variants/pybadge_m4/linker_scripts/gcc
arduino/hardware/samd/1.5.7/variants/pybadge_m4/openocd_scripts
arduino/hardware/samd/1.5.7/variants/pygamer_advance_m4
arduino/hardware/samd/1.5.7/variants/pygamer_advance_m4/debug_scripts
arduino/hardware/samd/1.5.7/variants/pygamer_advance_m4/linker_scripts/gcc
arduino/hardware/samd/1.5.7/variants/pygamer_advance_m4/openocd_scripts
arduino/hardware/samd/1.5.7/variants/pygamer_m4
arduino/hardware/samd/1.5.7/variants/pygamer_m4/debug_scripts
arduino/hardware/samd/1.5.7/variants/pygamer_m4/linker_scripts/gcc
arduino/hardware/samd/1.5.7/variants/pygamer_m4/openocd_scripts
arduino/hardware/samd/1.5.7/variants/pyportal_m4
arduino/hardware/samd/1.5.7/variants/pyportal_m4/linker_scripts/gcc
arduino/hardware/samd/1.5.7/variants/pyportal_m4_titano
arduino/hardware/samd/1.5.7/variants/pyportal_m4_titano/linker_scripts/gcc
arduino/hardware/samd/1.5.7/variants/trellis_m4
arduino/hardware/samd/1.5.7/variants/trellis_m4/linker_scripts/gcc
arduino/hardware/samd/1.5.7/variants/trinket_m0
arduino/hardware/samd/1.5.7/variants/trinket_m0/debug_scripts
arduino/hardware/samd/1.5.7/variants/trinket_m0/linker_scripts/gcc
arduino/hardware/samd/1.5.7/variants/trinket_m0/openocd_scripts
arduino/hardware/samd/1.5.7/variants/zero_radio
arduino/hardware/samd/1.5.7/variants/zero_radio/debug_scripts
arduino/hardware/samd/1.5.7/variants/zero_radio/linker_scripts/gcc
arduino/hardware/samd/1.5.7/variants/zero_radio/openocd_scripts
arduino/hardware/samd/1.6.0
arduino/hardware/samd/1.6.0/bootloaders/circuitplayM0
arduino/hardware/samd/1.6.0/bootloaders/feather
arduino/hardware/samd/1.6.0/bootloaders/featherM0
arduino/hardware/samd/1.6.0/bootloaders/featherM4
arduino/hardware/samd/1.6.0/bootloaders/gemmaM0
arduino/hardware/samd/1.6.0/bootloaders/hallowingM0
arduino/hardware/samd/1.6.0/bootloaders/itsybitsyM0
arduino/hardware/samd/1.6.0/bootloaders/itsybitsyM4
arduino/hardware/samd/1.6.0/bootloaders/metroM0
arduino/hardware/samd/1.6.0/bootloaders/metroM4
arduino/hardware/samd/1.6.0/bootloaders/mkr1000
arduino/hardware/samd/1.6.0/bootloaders/mkrfox1200
arduino/hardware/samd/1.6.0/bootloaders/mkrgsm1400
arduino/hardware/samd/1.6.0/bootloaders/mkrnb1500
arduino/hardware/samd/1.6.0/bootloaders/mkrwan1300
arduino/hardware/samd/1.6.0/bootloaders/mkrwifi1010
arduino/hardware/samd/1.6.0/bootloaders/mkrzero
arduino/hardware/samd/1.6.0/bootloaders/mzero
arduino/hardware/samd/1.6.0/bootloaders/mzero/Bootloader_D21
arduino/hardware/samd/1.6.0/bootloaders/mzero/Bootloader_D21/src
arduino/hardware/samd/1.6.0/bootloaders/mzero/Bootloader_D21/src/ASF/common/boards
arduino/hardware/samd/1.6.0/bootloaders/mzero/Bootloader_D21/src/ASF/common/services/sleepmgr
arduino/hardware/samd/1.6.0/bootloaders/mzero/Bootloader_D21/src/ASF/common/services/sleepmgr/samd
arduino/hardware/samd/1.6.0/bootloaders/mzero/Bootloader_D21/src/ASF/common/services/usb
arduino/hardware/samd/1.6.0/bootloaders/mzero/Bootloader_D21/src/ASF/common/services/usb/class/cdc
arduino/hardware/samd/1.6.0/bootloaders/mzero/Bootloader_D21/src/ASF/common/services/usb/class/cdc/device
arduino/hardware/samd/1.6.0/bootloaders/mzero/Bootloader_D21/src/ASF/common/services/usb/udc
arduino/hardware/samd/1.6.0/bootloaders/mzero/Bootloader_D21/src/ASF/common/utils
arduino/hardware/samd/1.6.0/bootloaders/mzero/Bootloader_D21/src/ASF/common/utils/interrupt
arduino/hardware/samd/1.6.0/bootloaders/mzero/Bootloader_D21/src/ASF/sam0/boards/samd21_xplained_pro
arduino/hardware/samd/1.6.0/bootloaders/mzero/Bootloader_D21/src/ASF/sam0/drivers/port
arduino/hardware/samd/1.6.0/bootloaders/mzero/Bootloader_D21/src/ASF/sam0/drivers/port/quick_start
arduino/hardware/samd/1.6.0/bootloaders/mzero/Bootloader_D21/src/ASF/sam0/drivers/rtc
arduino/hardware/samd/1.6.0/bootloaders/mzero/Bootloader_D21/src/ASF/sam0/drivers/rtc/quick_start_count
arduino/hardware/samd/1.6.0/bootloaders/mzero/Bootloader_D21/src/ASF/sam0/drivers/rtc/quick_start_count_callback
arduino/hardware/samd/1.6.0/bootloaders/mzero/Bootloader_D21/src/ASF/sam0/drivers/system
arduino/hardware/samd/1.6.0/bootloaders/mzero/Bootloader_D21/src/ASF/sam0/drivers/system/clock
arduino/hardware/samd/1.6.0/bootloaders/mzero/Bootloader_D21/src/ASF/sam0/drivers/system/clock/clock_samd21_r21
arduino/hardware/samd/1.6.0/bootloaders/mzero/Bootloader_D21/src/ASF/sam0/drivers/system/clock/quick_start_clock
arduino/hardware/samd/1.6.0/bootloaders/mzero/Bootloader_D21/src/ASF/sam0/drivers/system/clock/quick_start_gclk
arduino/hardware/samd/1.6.0/bootloaders/mzero/Bootloader_D21/src/ASF/sam0/drivers/system/interrupt
arduino/hardware/samd/1.6.0/bootloaders/mzero/Bootloader_D21/src/ASF/sam0/drivers/system/interrupt/quick_start
arduino/hardware/samd/1.6.0/bootloaders/mzero/Bootloader_D21/src/ASF/sam0/drivers/system/interrupt/system_interrupt_samd21
arduino/hardware/samd/1.6.0/bootloaders/mzero/Bootloader_D21/src/ASF/sam0/drivers/system/pinmux
arduino/hardware/samd/1.6.0/bootloaders/mzero/Bootloader_D21/src/ASF/sam0/drivers/system/pinmux/quick_start
arduino/hardware/samd/1.6.0/bootloaders/mzero/Bootloader_D21/src/ASF/sam0/drivers/usb
arduino/hardware/samd/1.6.0/bootloaders/mzero/Bootloader_D21/src/ASF/sam0/drivers/usb/stack_interface
arduino/hardware/samd/1.6.0/bootloaders/mzero/Bootloader_D21/src/ASF/sam0/utils
arduino/hardware/samd/1.6.0/bootloaders/mzero/Bootloader_D21/src/ASF/sam0/utils/cmsis/samd21/include
arduino/hardware/samd/1.6.0/bootloaders/mzero/Bootloader_D21/src/ASF/sam0/utils/cmsis/samd21/include/component
arduino/hardware/samd/1.6.0/bootloaders/mzero/Bootloader_D21/src/ASF/sam0/utils/cmsis/samd21/include/instance
arduino/hardware/samd/1.6.0/bootloaders/mzero/Bootloader_D21/src/ASF/sam0/utils/cmsis/samd21/include/pio
arduino/hardware/samd/1.6.0/bootloaders/mzero/Bootloader_D21/src/ASF/sam0/utils/cmsis/samd21/source
arduino/hardware/samd/1.6.0/bootloaders/mzero/Bootloader_D21/src/ASF/sam0/utils/cmsis/samd21/source/gcc
arduino/hardware/samd/1.6.0/bootloaders/mzero/Bootloader_D21/src/ASF/sam0/utils/header_files
arduino/hardware/samd/1.6.0/bootloaders/mzero/Bootloader_D21/src/ASF/sam0/utils/linker_scripts/samd21/gcc
arduino/hardware/samd/1.6.0/bootloaders/mzero/Bootloader_D21/src/ASF/sam0/utils/make
arduino/hardware/samd/1.6.0/bootloaders/mzero/Bootloader_D21/src/ASF/sam0/utils/preprocessor
arduino/hardware/samd/1.6.0/bootloaders/mzero/Bootloader_D21/src/ASF/sam0/utils/syscalls/gcc
arduino/hardware/samd/1.6.0/bootloaders/mzero/Bootloader_D21/src/ASF/thirdparty/CMSIS
arduino/hardware/samd/1.6.0/bootloaders/mzero/Bootloader_D21/src/ASF/thirdparty/CMSIS/Include
arduino/hardware/samd/1.6.0/bootloaders/mzero/Bootloader_D21/src/ASF/thirdparty/CMSIS/Lib/GCC
arduino/hardware/samd/1.6.0/bootloaders/mzero/Bootloader_D21/src/config
arduino/hardware/samd/1.6.0/bootloaders/pirky
arduino/hardware/samd/1.6.0/bootloaders/sofia
arduino/hardware/samd/1.6.0/bootloaders/sofia/Bootloader_D21_Sofia_V2.1
arduino/hardware/samd/1.6.0/bootloaders/sofia/Bootloader_D21_Sofia_V2.1/src
arduino/hardware/samd/1.6.0/bootloaders/sofia/Bootloader_D21_Sofia_V2.1/src/ASF/common/boards
arduino/hardware/samd/1.6.0/bootloaders/sofia/Bootloader_D21_Sofia_V2.1/src/ASF/common/services/sleepmgr
arduino/hardware/samd/1.6.0/bootloaders/sofia/Bootloader_D21_Sofia_V2.1/src/ASF/common/services/sleepmgr/samd
arduino/hardware/samd/1.6.0/bootloaders/sofia/Bootloader_D21_Sofia_V2.1/src/ASF/common/services/usb
arduino/hardware/samd/1.6.0/bootloaders/sofia/Bootloader_D21_Sofia_V2.1/src/ASF/common/services/usb/class/cdc
arduino/hardware/samd/1.6.0/bootloaders/sofia/Bootloader_D21_Sofia_V2.1/src/ASF/common/services/usb/class/cdc/device
arduino/hardware/samd/1.6.0/bootloaders/sofia/Bootloader_D21_Sofia_V2.1/src/ASF/common/services/usb/udc
arduino/hardware/samd/1.6.0/bootloaders/sofia/Bootloader_D21_Sofia_V2.1/src/ASF/common/utils
arduino/hardware/samd/1.6.0/bootloaders/sofia/Bootloader_D21_Sofia_V2.1/src/ASF/common/utils/interrupt
arduino/hardware/samd/1.6.0/bootloaders/sofia/Bootloader_D21_Sofia_V2.1/src/ASF/sam0/boards/samd21_xplained_pro
arduino/hardware/samd/1.6.0/bootloaders/sofia/Bootloader_D21_Sofia_V2.1/src/ASF/sam0/drivers/port
arduino/hardware/samd/1.6.0/bootloaders/sofia/Bootloader_D21_Sofia_V2.1/src/ASF/sam0/drivers/port/quick_start
arduino/hardware/samd/1.6.0/bootloaders/sofia/Bootloader_D21_Sofia_V2.1/src/ASF/sam0/drivers/rtc
arduino/hardware/samd/1.6.0/bootloaders/sofia/Bootloader_D21_Sofia_V2.1/src/ASF/sam0/drivers/rtc/quick_start_count
arduino/hardware/samd/1.6.0/bootloaders/sofia/Bootloader_D21_Sofia_V2.1/src/ASF/sam0/drivers/rtc/quick_start_count_callback
arduino/hardware/samd/1.6.0/bootloaders/sofia/Bootloader_D21_Sofia_V2.1/src/ASF/sam0/drivers/sercom
arduino/hardware/samd/1.6.0/bootloaders/sofia/Bootloader_D21_Sofia_V2.1/src/ASF/sam0/drivers/sercom/usart
arduino/hardware/samd/1.6.0/bootloaders/sofia/Bootloader_D21_Sofia_V2.1/src/ASF/sam0/drivers/sercom/usart/quick_start
arduino/hardware/samd/1.6.0/bootloaders/sofia/Bootloader_D21_Sofia_V2.1/src/ASF/sam0/drivers/sercom/usart/quick_start_dma
arduino/hardware/samd/1.6.0/bootloaders/sofia/Bootloader_D21_Sofia_V2.1/src/ASF/sam0/drivers/system
arduino/hardware/samd/1.6.0/bootloaders/sofia/Bootloader_D21_Sofia_V2.1/src/ASF/sam0/drivers/system/clock
arduino/hardware/samd/1.6.0/bootloaders/sofia/Bootloader_D21_Sofia_V2.1/src/ASF/sam0/drivers/system/clock/clock_samd21_r21
arduino/hardware/samd/1.6.0/bootloaders/sofia/Bootloader_D21_Sofia_V2.1/src/ASF/sam0/drivers/system/clock/quick_start_clock
arduino/hardware/samd/1.6.0/bootloaders/sofia/Bootloader_D21_Sofia_V2.1/src/ASF/sam0/drivers/system/clock/quick_start_gclk
arduino/hardware/samd/1.6.0/bootloaders/sofia/Bootloader_D21_Sofia_V2.1/src/ASF/sam0/drivers/system/interrupt
arduino/hardware/samd/1.6.0/bootloaders/sofia/Bootloader_D21_Sofia_V2.1/src/ASF/sam0/drivers/system/interrupt/quick_start
arduino/hardware/samd/1.6.0/bootloaders/sofia/Bootloader_D21_Sofia_V2.1/src/ASF/sam0/drivers/system/interrupt/system_interrupt_samd21
arduino/hardware/samd/1.6.0/bootloaders/sofia/Bootloader_D21_Sofia_V2.1/src/ASF/sam0/drivers/system/pinmux
arduino/hardware/samd/1.6.0/bootloaders/sofia/Bootloader_D21_Sofia_V2.1/src/ASF/sam0/drivers/system/pinmux/quick_start
arduino/hardware/samd/1.6.0/bootloaders/sofia/Bootloader_D21_Sofia_V2.1/src/ASF/sam0/drivers/usb
arduino/hardware/samd/1.6.0/bootloaders/sofia/Bootloader_D21_Sofia_V2.1/src/ASF/sam0/drivers/usb/stack_interface
arduino/hardware/samd/1.6.0/bootloaders/sofia/Bootloader_D21_Sofia_V2.1/src/ASF/sam0/utils
arduino/hardware/samd/1.6.0/bootloaders/sofia/Bootloader_D21_Sofia_V2.1/src/ASF/sam0/utils/cmsis/samd21/include
arduino/hardware/samd/1.6.0/bootloaders/sofia/Bootloader_D21_Sofia_V2.1/src/ASF/sam0/utils/cmsis/samd21/include/component
arduino/hardware/samd/1.6.0/bootloaders/sofia/Bootloader_D21_Sofia_V2.1/src/ASF/sam0/utils/cmsis/samd21/include/instance
arduino/hardware/samd/1.6.0/bootloaders/sofia/Bootloader_D21_Sofia_V2.1/src/ASF/sam0/utils/cmsis/samd21/include/pio
arduino/hardware/samd/1.6.0/bootloaders/sofia/Bootloader_D21_Sofia_V2.1/src/ASF/sam0/utils/cmsis/samd21/source
arduino/hardware/samd/1.6.0/bootloaders/sofia/Bootloader_D21_Sofia_V2.1/src/ASF/sam0/utils/cmsis/samd21/source/gcc
arduino/hardware/samd/1.6.0/bootloaders/sofia/Bootloader_D21_Sofia_V2.1/src/ASF/sam0/utils/header_files
arduino/hardware/samd/1.6.0/bootloaders/sofia/Bootloader_D21_Sofia_V2.1/src/ASF/sam0/utils/linker_scripts/samd21/gcc
arduino/hardware/samd/1.6.0/bootloaders/sofia/Bootloader_D21_Sofia_V2.1/src/ASF/sam0/utils/make
arduino/hardware/samd/1.6.0/bootloaders/sofia/Bootloader_D21_Sofia_V2.1/src/ASF/sam0/utils/preprocessor
arduino/hardware/samd/1.6.0/bootloaders/sofia/Bootloader_D21_Sofia_V2.1/src/ASF/sam0/utils/syscalls/gcc
arduino/hardware/samd/1.6.0/bootloaders/sofia/Bootloader_D21_Sofia_V2.1/src/ASF/thirdparty/CMSIS
arduino/hardware/samd/1.6.0/bootloaders/sofia/Bootloader_D21_Sofia_V2.1/src/ASF/thirdparty/CMSIS/Include
arduino/hardware/samd/1.6.0/bootloaders/sofia/Bootloader_D21_Sofia_V2.1/src/ASF/thirdparty/CMSIS/Lib/GCC
arduino/hardware/samd/1.6.0/bootloaders/sofia/Bootloader_D21_Sofia_V2.1/src/config
arduino/hardware/samd/1.6.0/bootloaders/trinketm0
arduino/hardware/samd/1.6.0/bootloaders/zero
arduino/hardware/samd/1.6.0/cores/arduino
arduino/hardware/samd/1.6.0/cores/arduino/avr
arduino/hardware/samd/1.6.0/cores/arduino/TinyUSB
arduino/hardware/samd/1.6.0/cores/arduino/TinyUSB/Adafruit_TinyUSB_ArduinoCore
arduino/hardware/samd/1.6.0/cores/arduino/TinyUSB/Adafruit_TinyUSB_ArduinoCore/tinyusb
arduino/hardware/samd/1.6.0/cores/arduino/TinyUSB/Adafruit_TinyUSB_ArduinoCore/tinyusb/src
arduino/hardware/samd/1.6.0/cores/arduino/TinyUSB/Adafruit_TinyUSB_ArduinoCore/tinyusb/src/class/audio
arduino/hardware/samd/1.6.0/cores/arduino/TinyUSB/Adafruit_TinyUSB_ArduinoCore/tinyusb/src/class/cdc
arduino/hardware/samd/1.6.0/cores/arduino/TinyUSB/Adafruit_TinyUSB_ArduinoCore/tinyusb/src/class/hid
arduino/hardware/samd/1.6.0/cores/arduino/TinyUSB/Adafruit_TinyUSB_ArduinoCore/tinyusb/src/class/midi
arduino/hardware/samd/1.6.0/cores/arduino/TinyUSB/Adafruit_TinyUSB_ArduinoCore/tinyusb/src/class/msc
arduino/hardware/samd/1.6.0/cores/arduino/TinyUSB/Adafruit_TinyUSB_ArduinoCore/tinyusb/src/class/usbtmc
arduino/hardware/samd/1.6.0/cores/arduino/TinyUSB/Adafruit_TinyUSB_ArduinoCore/tinyusb/src/class/vendor
arduino/hardware/samd/1.6.0/cores/arduino/TinyUSB/Adafruit_TinyUSB_ArduinoCore/tinyusb/src/common
arduino/hardware/samd/1.6.0/cores/arduino/TinyUSB/Adafruit_TinyUSB_ArduinoCore/tinyusb/src/device
arduino/hardware/samd/1.6.0/cores/arduino/TinyUSB/Adafruit_TinyUSB_ArduinoCore/tinyusb/src/osal
arduino/hardware/samd/1.6.0/cores/arduino/TinyUSB/Adafruit_TinyUSB_ArduinoCore/tinyusb/src/portable/espressif/esp32s2
arduino/hardware/samd/1.6.0/cores/arduino/TinyUSB/Adafruit_TinyUSB_ArduinoCore/tinyusb/src/portable/microchip/samd
arduino/hardware/samd/1.6.0/cores/arduino/TinyUSB/Adafruit_TinyUSB_ArduinoCore/tinyusb/src/portable/microchip/samg
arduino/hardware/samd/1.6.0/cores/arduino/TinyUSB/Adafruit_TinyUSB_ArduinoCore/tinyusb/src/portable/nordic/nrf5x
arduino/hardware/samd/1.6.0/cores/arduino/TinyUSB/Adafruit_TinyUSB_ArduinoCore/tinyusb/src/portable/nuvoton/nuc120
arduino/hardware/samd/1.6.0/cores/arduino/TinyUSB/Adafruit_TinyUSB_ArduinoCore/tinyusb/src/portable/nuvoton/nuc121
arduino/hardware/samd/1.6.0/cores/arduino/TinyUSB/Adafruit_TinyUSB_ArduinoCore/tinyusb/src/portable/nuvoton/nuc505
arduino/hardware/samd/1.6.0/cores/arduino/TinyUSB/Adafruit_TinyUSB_ArduinoCore/tinyusb/src/portable/nxp/lpc17_40
arduino/hardware/samd/1.6.0/cores/arduino/TinyUSB/Adafruit_TinyUSB_ArduinoCore/tinyusb/src/portable/nxp/lpc18_43
arduino/hardware/samd/1.6.0/cores/arduino/TinyUSB/Adafruit_TinyUSB_ArduinoCore/tinyusb/src/portable/nxp/lpc_ip3511
arduino/hardware/samd/1.6.0/cores/arduino/TinyUSB/Adafruit_TinyUSB_ArduinoCore/tinyusb/src/portable/nxp/transdimension
arduino/hardware/samd/1.6.0/cores/arduino/TinyUSB/Adafruit_TinyUSB_ArduinoCore/tinyusb/src/portable/sony/cxd56
arduino/hardware/samd/1.6.0/cores/arduino/TinyUSB/Adafruit_TinyUSB_ArduinoCore/tinyusb/src/portable/st/stm32_fsdev
arduino/hardware/samd/1.6.0/cores/arduino/TinyUSB/Adafruit_TinyUSB_ArduinoCore/tinyusb/src/portable/st/synopsys
arduino/hardware/samd/1.6.0/cores/arduino/TinyUSB/Adafruit_TinyUSB_ArduinoCore/tinyusb/src/portable/ti/msp430x5xx
arduino/hardware/samd/1.6.0/cores/arduino/TinyUSB/Adafruit_TinyUSB_ArduinoCore/tinyusb/src/portable/valentyusb/eptri
arduino/hardware/samd/1.6.0/cores/arduino/USB
arduino/hardware/samd/1.6.0/drivers
arduino/hardware/samd/1.6.0/drivers/prewin10
arduino/hardware/samd/1.6.0/extras
arduino/hardware/samd/1.6.0/libraries/Adafruit_ZeroDMA
arduino/hardware/samd/1.6.0/libraries/Adafruit_ZeroDMA/examples/zerodma_memcpy
arduino/hardware/samd/1.6.0/libraries/Adafruit_ZeroDMA/examples/zerodma_spi1
arduino/hardware/samd/1.6.0/libraries/Adafruit_ZeroDMA/examples/zerodma_spi2
arduino/hardware/samd/1.6.0/libraries/Adafruit_ZeroDMA/utility
arduino/hardware/samd/1.6.0/libraries/CI_Tests
arduino/hardware/samd/1.6.0/libraries/CI_Tests/examples
arduino/hardware/samd/1.6.0/libraries/HID
arduino/hardware/samd/1.6.0/libraries/I2S
arduino/hardware/samd/1.6.0/libraries/I2S/examples/InputSerialPlotter
arduino/hardware/samd/1.6.0/libraries/I2S/examples/SimpleTone
arduino/hardware/samd/1.6.0/libraries/I2S/src
arduino/hardware/samd/1.6.0/libraries/I2S/src/utility
arduino/hardware/samd/1.6.0/libraries/SAMD_AnalogCorrection
arduino/hardware/samd/1.6.0/libraries/SAMD_AnalogCorrection/examples/CorrectADCResponse
arduino/hardware/samd/1.6.0/libraries/SAMD_AnalogCorrection/src
arduino/hardware/samd/1.6.0/libraries/SDU
arduino/hardware/samd/1.6.0/libraries/SDU/examples/Usage
arduino/hardware/samd/1.6.0/libraries/SDU/extras/SDUBoot
arduino/hardware/samd/1.6.0/libraries/SDU/src
arduino/hardware/samd/1.6.0/libraries/SDU/src/boot
arduino/hardware/samd/1.6.0/libraries/Servo
arduino/hardware/samd/1.6.0/libraries/Servo/examples/Knob
arduino/hardware/samd/1.6.0/libraries/Servo/examples/Sweep
arduino/hardware/samd/1.6.0/libraries/Servo/src
arduino/hardware/samd/1.6.0/libraries/Servo/src/avr
arduino/hardware/samd/1.6.0/libraries/Servo/src/megaavr
arduino/hardware/samd/1.6.0/libraries/Servo/src/nrf52
arduino/hardware/samd/1.6.0/libraries/Servo/src/sam
arduino/hardware/samd/1.6.0/libraries/Servo/src/samd
arduino/hardware/samd/1.6.0/libraries/Servo/src/stm32f4
arduino/hardware/samd/1.6.0/libraries/SPI
arduino/hardware/samd/1.6.0/libraries/SPI/examples/BarometricPressureSensor
arduino/hardware/samd/1.6.0/libraries/SPI/examples/DigitalPotControl
arduino/hardware/samd/1.6.0/libraries/USBHost
arduino/hardware/samd/1.6.0/libraries/USBHost/examples/ADKTerminalTest
arduino/hardware/samd/1.6.0/libraries/USBHost/examples/KeyboardController
arduino/hardware/samd/1.6.0/libraries/USBHost/examples/MouseController
arduino/hardware/samd/1.6.0/libraries/USBHost/examples/USB_desc
arduino/hardware/samd/1.6.0/libraries/USBHost/src
arduino/hardware/samd/1.6.0/libraries/Wire
arduino/hardware/samd/1.6.0/libraries/Wire/examples/digital_potentiometer
arduino/hardware/samd/1.6.0/libraries/Wire/examples/master_reader
arduino/hardware/samd/1.6.0/libraries/Wire/examples/master_writer
arduino/hardware/samd/1.6.0/libraries/Wire/examples/SFRRanger_reader
arduino/hardware/samd/1.6.0/libraries/Wire/examples/slave_receiver
arduino/hardware/samd/1.6.0/libraries/Wire/examples/slave_sender
arduino/hardware/samd/1.6.0/variants/arduino_mzero
arduino/hardware/samd/1.6.0/variants/arduino_mzero/debug_scripts
arduino/hardware/samd/1.6.0/variants/arduino_mzero/linker_scripts/gcc
arduino/hardware/samd/1.6.0/variants/arduino_mzero/openocd_scripts
arduino/hardware/samd/1.6.0/variants/arduino_zero
arduino/hardware/samd/1.6.0/variants/arduino_zero/debug_scripts
arduino/hardware/samd/1.6.0/variants/arduino_zero/linker_scripts/gcc
arduino/hardware/samd/1.6.0/variants/arduino_zero/openocd_scripts
arduino/hardware/samd/1.6.0/variants/circuitplay
arduino/hardware/samd/1.6.0/variants/circuitplay/debug_scripts
arduino/hardware/samd/1.6.0/variants/circuitplay/linker_scripts/gcc
arduino/hardware/samd/1.6.0/variants/circuitplay/openocd_scripts
arduino/hardware/samd/1.6.0/variants/crickit_m0
arduino/hardware/samd/1.6.0/variants/crickit_m0/debug_scripts
arduino/hardware/samd/1.6.0/variants/crickit_m0/linker_scripts/gcc
arduino/hardware/samd/1.6.0/variants/crickit_m0/openocd_scripts
arduino/hardware/samd/1.6.0/variants/feather_m0
arduino/hardware/samd/1.6.0/variants/feather_m0/debug_scripts
arduino/hardware/samd/1.6.0/variants/feather_m0/linker_scripts/gcc
arduino/hardware/samd/1.6.0/variants/feather_m0/openocd_scripts
arduino/hardware/samd/1.6.0/variants/feather_m0_express
arduino/hardware/samd/1.6.0/variants/feather_m0_express/debug_scripts
arduino/hardware/samd/1.6.0/variants/feather_m0_express/linker_scripts/gcc
arduino/hardware/samd/1.6.0/variants/feather_m0_express/openocd_scripts
arduino/hardware/samd/1.6.0/variants/feather_m4
arduino/hardware/samd/1.6.0/variants/feather_m4/linker_scripts/gcc
arduino/hardware/samd/1.6.0/variants/gemma_m0
arduino/hardware/samd/1.6.0/variants/gemma_m0/debug_scripts
arduino/hardware/samd/1.6.0/variants/gemma_m0/linker_scripts/gcc
arduino/hardware/samd/1.6.0/variants/gemma_m0/openocd_scripts
arduino/hardware/samd/1.6.0/variants/grand_central_m4
arduino/hardware/samd/1.6.0/variants/grand_central_m4/linker_scripts/gcc
arduino/hardware/samd/1.6.0/variants/hallowing_m0_express
arduino/hardware/samd/1.6.0/variants/hallowing_m0_express/debug_scripts
arduino/hardware/samd/1.6.0/variants/hallowing_m0_express/linker_scripts/gcc
arduino/hardware/samd/1.6.0/variants/hallowing_m0_express/openocd_scripts
arduino/hardware/samd/1.6.0/variants/hallowing_m4
arduino/hardware/samd/1.6.0/variants/hallowing_m4/debug_scripts
arduino/hardware/samd/1.6.0/variants/hallowing_m4/linker_scripts/gcc
arduino/hardware/samd/1.6.0/variants/hallowing_m4/openocd_scripts
arduino/hardware/samd/1.6.0/variants/itsybitsy_m0
arduino/hardware/samd/1.6.0/variants/itsybitsy_m0/debug_scripts
arduino/hardware/samd/1.6.0/variants/itsybitsy_m0/linker_scripts/gcc
arduino/hardware/samd/1.6.0/variants/itsybitsy_m0/openocd_scripts
arduino/hardware/samd/1.6.0/variants/itsybitsy_m4
arduino/hardware/samd/1.6.0/variants/itsybitsy_m4/linker_scripts/gcc
arduino/hardware/samd/1.6.0/variants/metro_m0
arduino/hardware/samd/1.6.0/variants/metro_m0/debug_scripts
arduino/hardware/samd/1.6.0/variants/metro_m0/linker_scripts/gcc
arduino/hardware/samd/1.6.0/variants/metro_m0/openocd_scripts
arduino/hardware/samd/1.6.0/variants/metro_m4
arduino/hardware/samd/1.6.0/variants/metro_m4/linker_scripts/gcc
arduino/hardware/samd/1.6.0/variants/metro_m4_airlift
arduino/hardware/samd/1.6.0/variants/metro_m4_airlift/linker_scripts/gcc
arduino/hardware/samd/1.6.0/variants/mkr1000
arduino/hardware/samd/1.6.0/variants/mkr1000/debug_scripts
arduino/hardware/samd/1.6.0/variants/mkr1000/linker_scripts/gcc
arduino/hardware/samd/1.6.0/variants/mkr1000/openocd_scripts
arduino/hardware/samd/1.6.0/variants/mkrfox1200
arduino/hardware/samd/1.6.0/variants/mkrfox1200/debug_scripts
arduino/hardware/samd/1.6.0/variants/mkrfox1200/linker_scripts/gcc
arduino/hardware/samd/1.6.0/variants/mkrfox1200/openocd_scripts
arduino/hardware/samd/1.6.0/variants/mkrgsm1400
arduino/hardware/samd/1.6.0/variants/mkrnb1500
arduino/hardware/samd/1.6.0/variants/mkrnb1500/debug_scripts
arduino/hardware/samd/1.6.0/variants/mkrnb1500/linker_scripts/gcc
arduino/hardware/samd/1.6.0/variants/mkrnb1500/openocd_scripts
arduino/hardware/samd/1.6.0/variants/mkrwan1300
arduino/hardware/samd/1.6.0/variants/mkrwifi1010
arduino/hardware/samd/1.6.0/variants/mkrzero
arduino/hardware/samd/1.6.0/variants/mkrzero/debug_scripts
arduino/hardware/samd/1.6.0/variants/mkrzero/linker_scripts/gcc
arduino/hardware/samd/1.6.0/variants/mkrzero/openocd_scripts
arduino/hardware/samd/1.6.0/variants/monster_m4sk
arduino/hardware/samd/1.6.0/variants/monster_m4sk/linker_scripts/gcc
arduino/hardware/samd/1.6.0/variants/pirkey
arduino/hardware/samd/1.6.0/variants/pirkey/debug_scripts
arduino/hardware/samd/1.6.0/variants/pirkey/linker_scripts/gcc
arduino/hardware/samd/1.6.0/variants/pirkey/openocd_scripts
arduino/hardware/samd/1.6.0/variants/pybadge_airlift_m4
arduino/hardware/samd/1.6.0/variants/pybadge_airlift_m4/debug_scripts
arduino/hardware/samd/1.6.0/variants/pybadge_airlift_m4/linker_scripts/gcc
arduino/hardware/samd/1.6.0/variants/pybadge_airlift_m4/openocd_scripts
arduino/hardware/samd/1.6.0/variants/pybadge_m4
arduino/hardware/samd/1.6.0/variants/pybadge_m4/debug_scripts
arduino/hardware/samd/1.6.0/variants/pybadge_m4/linker_scripts/gcc
arduino/hardware/samd/1.6.0/variants/pybadge_m4/openocd_scripts
arduino/hardware/samd/1.6.0/variants/pygamer_advance_m4
arduino/hardware/samd/1.6.0/variants/pygamer_advance_m4/debug_scripts
arduino/hardware/samd/1.6.0/variants/pygamer_advance_m4/linker_scripts/gcc
arduino/hardware/samd/1.6.0/variants/pygamer_advance_m4/openocd_scripts
arduino/hardware/samd/1.6.0/variants/pygamer_m4
arduino/hardware/samd/1.6.0/variants/pygamer_m4/debug_scripts
arduino/hardware/samd/1.6.0/variants/pygamer_m4/linker_scripts/gcc
arduino/hardware/samd/1.6.0/variants/pygamer_m4/openocd_scripts
arduino/hardware/samd/1.6.0/variants/pyportal_m4
arduino/hardware/samd/1.6.0/variants/pyportal_m4/linker_scripts/gcc
arduino/hardware/samd/1.6.0/variants/pyportal_m4_titano
arduino/hardware/samd/1.6.0/variants/pyportal_m4_titano/linker_scripts/gcc
arduino/hardware/samd/1.6.0/variants/trellis_m4
arduino/hardware/samd/1.6.0/variants/trellis_m4/linker_scripts/gcc
arduino/hardware/samd/1.6.0/variants/trinket_m0
arduino/hardware/samd/1.6.0/variants/trinket_m0/debug_scripts
arduino/hardware/samd/1.6.0/variants/trinket_m0/linker_scripts/gcc
arduino/hardware/samd/1.6.0/variants/trinket_m0/openocd_scripts
arduino/hardware/samd/1.6.0/variants/zero_radio
arduino/hardware/samd/1.6.0/variants/zero_radio/debug_scripts
arduino/hardware/samd/1.6.0/variants/zero_radio/linker_scripts/gcc
arduino/hardware/samd/1.6.0/variants/zero_radio/openocd_scripts
arduino/libraries/Adafruit_BNO055
arduino/libraries/Adafruit_BNO055/.github
arduino/libraries/Adafruit_BNO055/examples/bunny
arduino/libraries/Adafruit_BNO055/examples/bunny/processing/cuberotate
arduino/libraries/Adafruit_BNO055/examples/bunny/processing/cuberotate/data
arduino/libraries/Adafruit_BNO055/examples/rawdata
arduino/libraries/Adafruit_BNO055/examples/restore_offsets
arduino/libraries/Adafruit_BNO055/examples/sensorapi
arduino/libraries/Adafruit_BNO055/OBJLoader
arduino/libraries/Adafruit_BNO055/utility
arduino/libraries/Adafruit_Circuit_Playground
arduino/libraries/Adafruit_Circuit_Playground/examples/accelTap
arduino/libraries/Adafruit_Circuit_Playground/examples/accel_mouse
arduino/libraries/Adafruit_Circuit_Playground/examples/analog_sensors
arduino/libraries/Adafruit_Circuit_Playground/examples/CircuitPlaygroundFirmata
arduino/libraries/Adafruit_Circuit_Playground/examples/color_sense
arduino/libraries/Adafruit_Circuit_Playground/examples/comm_badge
arduino/libraries/Adafruit_Circuit_Playground/examples/demo
arduino/libraries/Adafruit_Circuit_Playground/examples/FidgetSpinner
arduino/libraries/Adafruit_Circuit_Playground/examples/Hello_CircuitPlayground
arduino/libraries/Adafruit_Circuit_Playground/examples/Hello_CircuitPlayground/Hello_Accelerometer
arduino/libraries/Adafruit_Circuit_Playground/examples/Hello_CircuitPlayground/Hello_Blink
arduino/libraries/Adafruit_Circuit_Playground/examples/Hello_CircuitPlayground/Hello_Buttons
arduino/libraries/Adafruit_Circuit_Playground/examples/Hello_CircuitPlayground/Hello_LightSensor
arduino/libraries/Adafruit_Circuit_Playground/examples/Hello_CircuitPlayground/Hello_NeoPixels
arduino/libraries/Adafruit_Circuit_Playground/examples/Hello_CircuitPlayground/Hello_SlideSwitch
arduino/libraries/Adafruit_Circuit_Playground/examples/Hello_CircuitPlayground/Hello_SoundSensor
arduino/libraries/Adafruit_Circuit_Playground/examples/Hello_CircuitPlayground/Hello_Speaker
arduino/libraries/Adafruit_Circuit_Playground/examples/Hello_CircuitPlayground/Hello_Temperature
arduino/libraries/Adafruit_Circuit_Playground/examples/Infrared_NeoPixel
arduino/libraries/Adafruit_Circuit_Playground/examples/Infrared_Read
arduino/libraries/Adafruit_Circuit_Playground/examples/Infrared_Record
arduino/libraries/Adafruit_Circuit_Playground/examples/Infrared_Testpattern
arduino/libraries/Adafruit_Circuit_Playground/examples/mega_demo
arduino/libraries/Adafruit_Circuit_Playground/examples/Microphone/mic_fft
arduino/libraries/Adafruit_Circuit_Playground/examples/Microphone/mic_meter
arduino/libraries/Adafruit_Circuit_Playground/examples/ScatchSensorBoard
arduino/libraries/Adafruit_Circuit_Playground/examples/Speech/Talk_UK_Acorn
arduino/libraries/Adafruit_Circuit_Playground/examples/Speech/Talk_US_Clock
arduino/libraries/Adafruit_Circuit_Playground/examples/Speech/Talk_US_Large
arduino/libraries/Adafruit_Circuit_Playground/examples/Speech/Talk_US_Male
arduino/libraries/Adafruit_Circuit_Playground/examples/Speech/Talk_US_TI99
arduino/libraries/Adafruit_Circuit_Playground/examples/vu_meter
arduino/libraries/Adafruit_Circuit_Playground/utility
arduino/libraries/Adafruit_NeoPixel
arduino/libraries/Adafruit_NeoPixel/examples/buttoncycler
arduino/libraries/Adafruit_NeoPixel/examples/RGBWstrandtest
arduino/libraries/Adafruit_NeoPixel/examples/simple
arduino/libraries/Adafruit_NeoPixel/examples/simple_new_operator
arduino/libraries/Adafruit_NeoPixel/examples/strandtest
arduino/libraries/Adafruit_NeoPixel/examples/StrandtestArduinoBLE
arduino/libraries/Adafruit_NeoPixel/examples/StrandtestArduinoBLECallback
arduino/libraries/Adafruit_NeoPixel/examples/StrandtestBLE
arduino/libraries/Adafruit_NeoPixel/examples/strandtest_wheel
arduino/libraries/Adafruit_SPIFlash
arduino/libraries/Adafruit_SPIFlash/examples/circuitpython_backupFiles
arduino/libraries/Adafruit_SPIFlash/examples/flash_erase
arduino/libraries/Adafruit_SPIFlash/examples/flash_erase_express
arduino/libraries/Adafruit_SPIFlash/examples/flash_info
arduino/libraries/Adafruit_SPIFlash/examples/flash_manipulator
arduino/libraries/Adafruit_SPIFlash/examples/flash_sector_dump
arduino/libraries/Adafruit_SPIFlash/examples/SdFat_circuitpython
arduino/libraries/Adafruit_SPIFlash/examples/SdFat_datalogging
arduino/libraries/Adafruit_SPIFlash/examples/SdFat_format
arduino/libraries/Adafruit_SPIFlash/examples/SdFat_full_usage
arduino/libraries/Adafruit_SPIFlash/examples/SdFat_OpenNext
arduino/libraries/Adafruit_SPIFlash/examples/SdFat_print_file
arduino/libraries/Adafruit_SPIFlash/examples/SdFat_ReadWrite
arduino/libraries/Adafruit_SPIFlash/src
arduino/libraries/Adafruit_SPIFlash/src/qspi
arduino/libraries/Adafruit_SPIFlash/src/spi
arduino/libraries/Adafruit_Unified_Sensor
arduino/libraries/Adafruit_Zero_DMA_Library
arduino/libraries/Adafruit_Zero_DMA_Library/examples/zerodma_adc
arduino/libraries/Adafruit_Zero_DMA_Library/examples/zerodma_memcpy
arduino/libraries/Adafruit_Zero_DMA_Library/examples/zerodma_spi1
arduino/libraries/Adafruit_Zero_DMA_Library/examples/zerodma_spi2
arduino/libraries/Adafruit_Zero_DMA_Library/utility
arduino/libraries/BLEPeripheral
arduino/libraries/BLEPeripheral/examples
arduino/libraries/BLEPeripheral/examples/ancs
arduino/libraries/BLEPeripheral/examples/Eddystone/EddystoneUID
arduino/libraries/BLEPeripheral/examples/Eddystone/EddystoneURL
arduino/libraries/BLEPeripheral/examples/HID/HID_joystick_mouse
arduino/libraries/BLEPeripheral/examples/HID/HID_keyboard
arduino/libraries/BLEPeripheral/examples/HID/HID_keypad
arduino/libraries/BLEPeripheral/examples/HID/HID_test
arduino/libraries/BLEPeripheral/examples/HID/HID_volume
arduino/libraries/BLEPeripheral/examples/iBeacon
arduino/libraries/BLEPeripheral/examples/ir_bridge
arduino/libraries/BLEPeripheral/examples/led
arduino/libraries/BLEPeripheral/examples/led_callback
arduino/libraries/BLEPeripheral/examples/led_switch
arduino/libraries/BLEPeripheral/examples/remote_service
arduino/libraries/BLEPeripheral/examples/remote_test
arduino/libraries/BLEPeripheral/examples/serial
arduino/libraries/BLEPeripheral/examples/starter
arduino/libraries/BLEPeripheral/examples/temp_sensor
arduino/libraries/BLEPeripheral/examples/test
arduino/libraries/BLEPeripheral/src
arduino/libraries/BLEPeripheral/src/utility
arduino/libraries/BLEPeripheral/src/utility/RFduino
arduino/libraries/SdFat
arduino/libraries/SdFat/examples/#attic
arduino/libraries/SdFat/examples/#attic/AnalogLogger
arduino/libraries/SdFat/examples/#attic/append
arduino/libraries/SdFat/examples/#attic/average
arduino/libraries/SdFat/examples/#attic/BaseExtCaseTest
arduino/libraries/SdFat/examples/#attic/benchSD
arduino/libraries/SdFat/examples/#attic/bufstream
arduino/libraries/SdFat/examples/#attic/cin_cout
arduino/libraries/SdFat/examples/#attic/eventlog
arduino/libraries/SdFat/examples/#attic/fgetsRewrite
arduino/libraries/SdFat/examples/#attic/HelloWorld
arduino/libraries/SdFat/examples/#attic/MiniSerial
arduino/libraries/SdFat/examples/#attic/PrintBenchmarkSD
arduino/libraries/SdFat/examples/#attic/readlog
arduino/libraries/SdFat/examples/#attic/SdFatSize
arduino/libraries/SdFat/examples/#attic/SD_Size
arduino/libraries/SdFat/examples/#attic/StreamParseInt
arduino/libraries/SdFat/examples/AnalogBinLogger
arduino/libraries/SdFat/examples/bench
arduino/libraries/SdFat/examples/dataLogger
arduino/libraries/SdFat/examples/DirectoryFunctions
arduino/libraries/SdFat/examples/fgets
arduino/libraries/SdFat/examples/formatting
arduino/libraries/SdFat/examples/getline
arduino/libraries/SdFat/examples/LongFileName
arduino/libraries/SdFat/examples/LongFileName/testFiles
arduino/libraries/SdFat/examples/LowLatencyLogger
arduino/libraries/SdFat/examples/LowLatencyLoggerADXL345
arduino/libraries/SdFat/examples/LowLatencyLoggerMPU6050
arduino/libraries/SdFat/examples/OpenNext
arduino/libraries/SdFat/examples/PrintBenchmark
arduino/libraries/SdFat/examples/QuickStart
arduino/libraries/SdFat/examples/RawWrite
arduino/libraries/SdFat/examples/ReadCsv
arduino/libraries/SdFat/examples/ReadCsvArray
arduino/libraries/SdFat/examples/ReadCsvStream
arduino/libraries/SdFat/examples/ReadWrite
arduino/libraries/SdFat/examples/rename
arduino/libraries/SdFat/examples/SdFormatter
arduino/libraries/SdFat/examples/SdInfo
arduino/libraries/SdFat/examples/SoftwareSpi
arduino/libraries/SdFat/examples/StdioBench
arduino/libraries/SdFat/examples/STM32Test
arduino/libraries/SdFat/examples/TeensySdioDemo
arduino/libraries/SdFat/examples/Timestamp
arduino/libraries/SdFat/examples/TwoCards
arduino/libraries/SdFat/examples/VolumeFreeSpace
arduino/libraries/SdFat/examples/wipe
arduino/libraries/SdFat/extras
arduino/libraries/SdFat/extras/AnalogBinLoggerExtras
arduino/libraries/SdFat/extras/AnalogBinLoggerExtras/ADCdocs
arduino/libraries/SdFat/extras/AnalogBinLoggerExtras/bintocsv
arduino/libraries/SdFat/extras/html
arduino/libraries/SdFat/extras/html/search
arduino/libraries/SdFat/extras/MainPage
arduino/libraries/SdFat/extras/SdFatTestSuite
arduino/libraries/SdFat/extras/SdFatTestSuite/examples/ATS_SD_File
arduino/libraries/SdFat/extras/SdFatTestSuite/examples/ATS_SD_Files
arduino/libraries/SdFat/extras/SdFatTestSuite/examples/ATS_SD_Seek
arduino/libraries/SdFat/extras/SdFatTestSuite/examples/fstreamTest
arduino/libraries/SdFat/extras/SdFatTestSuite/examples/istreamTest
arduino/libraries/SdFat/extras/SdFatTestSuite/examples/lfnSize
arduino/libraries/SdFat/extras/SdFatTestSuite/examples/lfnTest
arduino/libraries/SdFat/extras/SdFatTestSuite/examples/lfnTestCout
arduino/libraries/SdFat/extras/SdFatTestSuite/examples/ostreamTest
arduino/libraries/SdFat/extras/SdFatTestSuite/examples/StressTest
arduino/libraries/SdFat/extras/SdFatTestSuite/examples/TestMkdir
arduino/libraries/SdFat/extras/SdFatTestSuite/examples/TestRmdir
arduino/libraries/SdFat/src
arduino/libraries/SdFat/src/FatLib
arduino/libraries/SdFat/src/SdCard
arduino/libraries/SdFat/src/SpiDriver
arduino/libraries/SdFat/src/SpiDriver/boards
projects/blink
projects/blink/adafruit-feather52/windows/gcc
projects/blink/adafruit-grand-central-m4/windows/gcc
projects/blink/uno/windows/gcc
projects/SdFat/Formatter/adafruit-grand-central-m4/windows/gcc
src/Bsp/Adafruit/feather52/gcc
src/Bsp/Adafruit/grand_central_m4/gcc
src/Bsp/Adafruit/grand_central_m4/gcc/FreeRTOS
src/Bsp/Adafruit/grand_central_m4/gcc/FreeRTOS/License
src/Bsp/Adafruit/grand_central_m4/gcc/FreeRTOS/Source
src/Bsp/Adafruit/grand_central_m4/gcc/FreeRTOS/Source/include
src/Bsp/Adafruit/grand_central_m4/gcc/FreeRTOS/Source/portable
src/Bsp/Adafruit/grand_central_m4/gcc/FreeRTOS/Source/portable/GCC/ARM_CM4F
src/Bsp/Adafruit/grand_central_m4/gcc/FreeRTOS/Source/portable/MemMang
src/Cpl/Io/File/Arduino
src/Cpl/Io/File/Arduino/_0test
src/Cpl/Io/File/Arduino/_sdFat
src/Cpl/Io/File/Arduino/_sdFat/_api
src/Cpl/Io/Serial/Adafruit
src/Cpl/Io/Serial/Adafruit/Nrf5
src/Cpl/Io/Serial/Adafruit/Nrf5/BLE
src/Cpl/Io/Serial/Arduino
src/Cpl/System/_trace/_arduino
src/Cpl/TShell/Cmd/Arduino
src/Driver/Imu
src/Driver/Imu/Bno055
tests/Cpl/Io/File/_sdfat/example/adafruit-grand-central-m4/windows/gcc
tests/Cpl/Io/File/_sdfat/_0test/adafruit-grand-central-m4/windows/gcc
tests/Cpl/System/_0test/feather52
tests/Cpl/System/_0test/feather52/windows/gcc
tests/Cpl/TShell/_0test/test3/feather52
tests/Cpl/TShell/_0test/test3/feather52/windows/gcc