src/Bsp
src/Bsp/ST/NUCLEO-F413ZH
src/Bsp/ST/NUCLEO-F413ZH/alpha1
src/Bsp/ST/NUCLEO-F413ZH/alpha1/console
src/Bsp/ST/NUCLEO-F413ZH/alpha1/MX
src/Bsp/ST/NUCLEO-F413ZH/alpha1/MX/Core/Inc
src/Bsp/ST/NUCLEO-F413ZH/alpha1/MX/Core/Src
src/Bsp/ST/NUCLEO-F413ZH/alpha1/SeggerSysView
src/Bsp/ST/NUCLEO-F413ZH/alpha1/trace
src/Bsp/ST/NUCLEO-F767ZI
src/Bsp/ST/NUCLEO-F767ZI/alpha1
src/Bsp/ST/NUCLEO-F767ZI/alpha1/console
src/Bsp/ST/NUCLEO-F767ZI/alpha1/MX
src/Bsp/ST/NUCLEO-F767ZI/alpha1/MX/Core/Inc
src/Bsp/ST/NUCLEO-F767ZI/alpha1/MX/Core/Src
src/Bsp/ST/NUCLEO-F767ZI/alpha1/SeggerSysView
src/Bsp/ST/NUCLEO-F767ZI/alpha1/trace
src/Bsp/UserSpace
src/Bsp/_0test
src/Cpl
src/Cpl/Checksum
src/Cpl/Checksum/_0test
src/Cpl/Checksum/_0test/_aladdin
src/Cpl/Container
src/Cpl/Container/_0test
src/Cpl/Dm
src/Cpl/Dm/Mp
src/Cpl/Dm/Mp/_0test
src/Cpl/Dm/Persistent
src/Cpl/Dm/Persistent/_0test
src/Cpl/Dm/TShell
src/Cpl/Dm/TShell/_0test
src/Cpl/Dm/_0test
src/Cpl/Dm/_0test/_baremetal
src/Cpl/Io
src/Cpl/Io/File
src/Cpl/Io/File/_0test
src/Cpl/Io/File/_ansi
src/Cpl/Io/File/_ansi/_nullapi
src/Cpl/Io/File/_posix
src/Cpl/Io/File/_posix/_api
src/Cpl/Io/File/_win32
src/Cpl/Io/File/_win32/_api
src/Cpl/Io/Ram
src/Cpl/Io/Ram/_0test
src/Cpl/Io/Serial
src/Cpl/Io/Serial/ST
src/Cpl/Io/Serial/ST/M32F4
src/Cpl/Io/Serial/_0test/_hw_echo
src/Cpl/Io/Serial/_0test/_hw_loopback
src/Cpl/Io/Socket
src/Cpl/Io/Socket/Posix
src/Cpl/Io/Socket/Win32
src/Cpl/Io/Socket/_0test
src/Cpl/Io/Stdio
src/Cpl/Io/Stdio/_0test
src/Cpl/Io/Stdio/_ansi
src/Cpl/Io/Stdio/_posix
src/Cpl/Io/Stdio/_win32
src/Cpl/Io/Tcp
src/Cpl/Io/Tcp/lwIP
src/Cpl/Io/Tcp/Win32
src/Cpl/Io/Tcp/_0test
src/Cpl/Io/_0test
src/Cpl/Itc
src/Cpl/Itc/_0test
src/Cpl/Itc/_0test/_hw_mvc
src/Cpl/Json
src/Cpl/Json/_0test
src/Cpl/Logging
src/Cpl/Logging/TShell
src/Cpl/Logging/TShell/_0test
src/Cpl/Logging/_0test
src/Cpl/Logging/_mock4test
src/Cpl/MApp
src/Cpl/MApp/Temperature
src/Cpl/MApp/_0test
src/Cpl/Math
src/Cpl/Math/_0test
src/Cpl/Memory
src/Cpl/Memory/_0test
src/Cpl/Memory/_testsupport
src/Cpl/Persistent
src/Cpl/Persistent/_0test
src/Cpl/System
src/Cpl/System/BareMetal
src/Cpl/System/BareMetal/_fatalerror
src/Cpl/System/BareMetal/_posix
src/Cpl/System/BareMetal/_win32
src/Cpl/System/Cpp11
src/Cpl/System/Cpp11/_fatalerror
src/Cpl/System/Cpp11/_posix
src/Cpl/System/Cpp11/_realtime
src/Cpl/System/Cpp11/_win32
src/Cpl/System/FreeRTOS
src/Cpl/System/FreeRTOS/_fatalerror
src/Cpl/System/Posix
src/Cpl/System/Posix/_fatalerror
src/Cpl/System/Posix/_realtime
src/Cpl/System/Posix/_shutdown
src/Cpl/System/Win32
src/Cpl/System/Win32/_fatalerror
src/Cpl/System/Win32/_realtime
src/Cpl/System/_0test
src/Cpl/System/_0test/_baremetal
src/Cpl/System/_0test/_hw_basic
src/Cpl/System/_0test/_hw_basic2
src/Cpl/System/_0test/_hw_basic3
src/Cpl/System/_0test/_sim
src/Cpl/System/_ansi
src/Cpl/System/_ansi/_shutdown
src/Cpl/System/_assert
src/Cpl/System/_simtick
src/Cpl/System/_testsupport
src/Cpl/System/_trace
src/Cpl/System/_trace/_stdout
src/Cpl/Text
src/Cpl/Text/Encoding
src/Cpl/Text/Encoding/_0test
src/Cpl/Text/Frame
src/Cpl/Text/Frame/_0test
src/Cpl/Text/Tokenizer
src/Cpl/Text/Tokenizer/_0test
src/Cpl/Text/_0test
src/Cpl/Text/_mappings/_arm_gcc_stm32
src/Cpl/Text/_mappings/_arm_m4_arduino
src/Cpl/Text/_mappings/_kpitrx
src/Cpl/Text/_mappings/_mingw
src/Cpl/Text/_mappings/_posix
src/Cpl/Text/_mappings/_vc12
src/Cpl/TShell
src/Cpl/TShell/Cmd
src/Cpl/TShell/Cmd/FreeRTOS
src/Cpl/TShell/Cmd/Win32
src/Cpl/TShell/Cmd/_0test
src/Cpl/TShell/_0test
src/Cpl/TShell/_0test/_simtick
src/Cpl/Type
src/Cpl/Type/_0test
src/Driver
src/Driver/AIO
src/Driver/AIO/Simulated
src/Driver/AIO/STM32
src/Driver/AIO/_0test
src/Driver/Button
src/Driver/Button/STM32
src/Driver/Button/TPipe
src/Driver/Button/_0test
src/Driver/Button/_0test/_hw
src/Driver/Crypto
src/Driver/Crypto/Orlp
src/Driver/Crypto/PasswordHash
src/Driver/Crypto/PasswordHash/_0test
src/Driver/Crypto/Posix
src/Driver/Crypto/TShell
src/Driver/Crypto/Win32
src/Driver/DIO
src/Driver/DIO/Simulated
src/Driver/DIO/STM32
src/Driver/DIO/_0test
src/Driver/DIO/_0test/_in_hw
src/Driver/DIO/_0test/_out_pwm
src/Driver/DIO/_0test/_simulated
src/Driver/DIO/_tshell
src/Driver/I2C
src/Driver/I2C/STM32
src/Driver/I2C/_0test
src/Driver/LED
src/Driver/LED/TPipe
src/Driver/NV
src/Driver/NV/File
src/Driver/NV/File/Cpl
src/Driver/NV/Onsemi
src/Driver/NV/Onsemi/CAT24C512
src/Driver/NV/_0test
src/Driver/NV/_tshell
src/Driver/PicoDisplay
src/Driver/PicoDisplay/STM32
src/Driver/PicoDisplay/TPipe
src/Driver/RHTemp
src/Driver/RHTemp/Simulated
src/Driver/RHTemp/_0test
src/Driver/RHTemp/_tshell
src/Driver/SPI
src/Driver/SPI/STM32
src/Driver/SPI/_0test
src/Driver/TPipe
src/Driver/TPipe/_0test
src/Driver/Wifi
src/Driver/Wifi/Station
src/Driver/Wifi/Station/TShell
src/Driver/Wifi/Station/_0test
tests
tests/Bsp/ST/NUCLEO-F413ZH/alpha1/_0test/freertos/windows/gcc-arm
tests/Bsp/ST/NUCLEO-F767ZI/alpha1/_0test/freertos/windows/gcc-arm
tests/Bsp/UserSpace/_0test
tests/Bsp/UserSpace/_0test/linux
tests/Bsp/UserSpace/_0test/linux/gcc
tests/Bsp/UserSpace/_0test/windows
tests/Bsp/UserSpace/_0test/windows/mingw_w64
tests/Bsp/UserSpace/_0test/windows/vc12
tests/Bsp/_0test/windows
tests/Bsp/_0test/windows/mingw_w64
tests/Bsp/_0test/windows/vc12
tests/Cpl
tests/Cpl/Checksum/_0test
tests/Cpl/Checksum/_0test/aladdin/windows
tests/Cpl/Checksum/_0test/aladdin/windows/vc12
tests/Cpl/Checksum/_0test/linux
tests/Cpl/Checksum/_0test/linux/gcc
tests/Cpl/Checksum/_0test/windows
tests/Cpl/Checksum/_0test/windows/mingw_w64
tests/Cpl/Checksum/_0test/windows/vc12
tests/Cpl/Container/_0test
tests/Cpl/Container/_0test/linux
tests/Cpl/Container/_0test/linux/gcc
tests/Cpl/Container/_0test/windows
tests/Cpl/Container/_0test/windows/mingw_w64
tests/Cpl/Container/_0test/windows/vc12
tests/Cpl/Dm/Mp/_0test/realtime
tests/Cpl/Dm/Mp/_0test/realtime/linux
tests/Cpl/Dm/Mp/_0test/realtime/linux/gcc
tests/Cpl/Dm/Mp/_0test/realtime/windows
tests/Cpl/Dm/Mp/_0test/realtime/windows/mingw_w64
tests/Cpl/Dm/Mp/_0test/realtime/windows/vc12
tests/Cpl/Dm/Persistent/_0test/realtime
tests/Cpl/Dm/Persistent/_0test/realtime/linux
tests/Cpl/Dm/Persistent/_0test/realtime/linux/gcc
tests/Cpl/Dm/Persistent/_0test/realtime/windows
tests/Cpl/Dm/Persistent/_0test/realtime/windows/mingw_w64
tests/Cpl/Dm/Persistent/_0test/realtime/windows/vc12
tests/Cpl/Dm/TShell/_0test
tests/Cpl/Dm/TShell/_0test/linux
tests/Cpl/Dm/TShell/_0test/linux/gcc
tests/Cpl/Dm/TShell/_0test/windows
tests/Cpl/Dm/TShell/_0test/windows/mingw_w64
tests/Cpl/Dm/TShell/_0test/windows/vc12
tests/Cpl/Dm/_0test/realtime
tests/Cpl/Dm/_0test/realtime/baremetal
tests/Cpl/Dm/_0test/realtime/baremetal/posix
tests/Cpl/Dm/_0test/realtime/baremetal/posix/linux/gcc
tests/Cpl/Dm/_0test/realtime/baremetal/win32
tests/Cpl/Dm/_0test/realtime/baremetal/win32/windows/mingw_w64
tests/Cpl/Dm/_0test/realtime/baremetal/win32/windows/vc12
tests/Cpl/Dm/_0test/realtime/linux
tests/Cpl/Dm/_0test/realtime/linux/gcc
tests/Cpl/Dm/_0test/realtime/windows
tests/Cpl/Dm/_0test/realtime/windows/mingw_w64
tests/Cpl/Dm/_0test/realtime/windows/vc12
tests/Cpl/Io/File/_0test
tests/Cpl/Io/File/_0test/ansi
tests/Cpl/Io/File/_0test/ansi/linux
tests/Cpl/Io/File/_0test/ansi/linux/gcc
tests/Cpl/Io/File/_0test/ansi/windows
tests/Cpl/Io/File/_0test/ansi/windows/mingw_w64
tests/Cpl/Io/File/_0test/ansi/windows/vc12
tests/Cpl/Io/File/_0test/posix/linux
tests/Cpl/Io/File/_0test/posix/linux/gcc
tests/Cpl/Io/File/_0test/win32/windows
tests/Cpl/Io/File/_0test/win32/windows/mingw_w64
tests/Cpl/Io/File/_0test/win32/windows/vc12
tests/Cpl/Io/Ram/_0test
tests/Cpl/Io/Ram/_0test/linux
tests/Cpl/Io/Ram/_0test/linux/gcc
tests/Cpl/Io/Ram/_0test/windows
tests/Cpl/Io/Ram/_0test/windows/mingw_w64
tests/Cpl/Io/Ram/_0test/windows/vc12
tests/Cpl/Io/Serial/_0test/hw_echo/freertos/NUCLEO-F413ZH-alpha1/windows/gcc-arm
tests/Cpl/Io/Serial/_0test/hw_loopback/freertos/NUCLEO-F413ZH-alpha1/windows/gcc-arm
tests/Cpl/Io/Socket/_0test/posix/linux
tests/Cpl/Io/Socket/_0test/posix/linux/gcc
tests/Cpl/Io/Socket/_0test/win32/windows
tests/Cpl/Io/Socket/_0test/win32/windows/mingw_w64
tests/Cpl/Io/Socket/_0test/win32/windows/vc12
tests/Cpl/Io/Stdio/_0test
tests/Cpl/Io/Stdio/_0test/ansi
tests/Cpl/Io/Stdio/_0test/ansi/linux
tests/Cpl/Io/Stdio/_0test/ansi/linux/gcc
tests/Cpl/Io/Stdio/_0test/ansi/windows
tests/Cpl/Io/Stdio/_0test/ansi/windows/mingw_w64
tests/Cpl/Io/Stdio/_0test/ansi/windows/vc12
tests/Cpl/Io/Stdio/_0test/posix/linux
tests/Cpl/Io/Stdio/_0test/posix/linux/gcc
tests/Cpl/Io/Stdio/_0test/win32/windows
tests/Cpl/Io/Stdio/_0test/win32/windows/mingw_w64
tests/Cpl/Io/Stdio/_0test/win32/windows/vc12
tests/Cpl/Io/Tcp/_0test/client/win32/windows
tests/Cpl/Io/Tcp/_0test/client/win32/windows/mingw_w64
tests/Cpl/Io/Tcp/_0test/client/win32/windows/vc12
tests/Cpl/Io/Tcp/_0test/server/win32/windows
tests/Cpl/Io/Tcp/_0test/server/win32/windows/mingw_w64
tests/Cpl/Io/Tcp/_0test/server/win32/windows/vc12
tests/Cpl/Io/_0test
tests/Cpl/Io/_0test/linux
tests/Cpl/Io/_0test/linux/gcc
tests/Cpl/Io/_0test/windows
tests/Cpl/Io/_0test/windows/mingw_w64
tests/Cpl/Io/_0test/windows/vc12
tests/Cpl/Itc/_0test
tests/Cpl/Itc/_0test/realtime
tests/Cpl/Itc/_0test/realtime/linux
tests/Cpl/Itc/_0test/realtime/linux/gcc
tests/Cpl/Itc/_0test/realtime/windows
tests/Cpl/Itc/_0test/realtime/windows/mingw_w64
tests/Cpl/Itc/_0test/realtime/windows/vc12
tests/Cpl/Itc/_0test/simtime
tests/Cpl/Itc/_0test/simtime/linux
tests/Cpl/Itc/_0test/simtime/linux/gcc
tests/Cpl/Itc/_0test/simtime/windows
tests/Cpl/Itc/_0test/simtime/windows/mingw_w64
tests/Cpl/Itc/_0test/simtime/windows/vc12
tests/Cpl/Json/Arduino
tests/Cpl/Json/Arduino/linux
tests/Cpl/Json/Arduino/linux/gcc
tests/Cpl/Json/Arduino/windows
tests/Cpl/Json/Arduino/windows/mingw_w64
tests/Cpl/Json/Arduino/windows/vc12
tests/Cpl/Logging/TShell
tests/Cpl/Logging/TShell/_0test
tests/Cpl/Logging/TShell/_0test/linux
tests/Cpl/Logging/TShell/_0test/linux/gcc
tests/Cpl/Logging/TShell/_0test/windows
tests/Cpl/Logging/TShell/_0test/windows/mingw_w64
tests/Cpl/Logging/TShell/_0test/windows/vc12
tests/Cpl/Logging/_0test
tests/Cpl/Logging/_0test/linux
tests/Cpl/Logging/_0test/linux/gcc
tests/Cpl/Logging/_0test/windows
tests/Cpl/Logging/_0test/windows/mingw_w64
tests/Cpl/Logging/_0test/windows/vc12
tests/Cpl/MApp/_0test
tests/Cpl/MApp/_0test/linux
tests/Cpl/MApp/_0test/linux/gcc
tests/Cpl/MApp/_0test/windows
tests/Cpl/MApp/_0test/windows/mingw_w64
tests/Cpl/MApp/_0test/windows/vc12
tests/Cpl/Math/_0test
tests/Cpl/Math/_0test/linux
tests/Cpl/Math/_0test/linux/gcc
tests/Cpl/Math/_0test/windows
tests/Cpl/Math/_0test/windows/mingw_w64
tests/Cpl/Math/_0test/windows/vc12
tests/Cpl/Memory/_0test
tests/Cpl/Memory/_0test/linux
tests/Cpl/Memory/_0test/linux/gcc
tests/Cpl/Memory/_0test/windows
tests/Cpl/Memory/_0test/windows/mingw_w64
tests/Cpl/Memory/_0test/windows/vc12
tests/Cpl/Persistent/_0test/realtime
tests/Cpl/Persistent/_0test/realtime/linux
tests/Cpl/Persistent/_0test/realtime/linux/gcc
tests/Cpl/Persistent/_0test/realtime/windows
tests/Cpl/Persistent/_0test/realtime/windows/mingw_w64
tests/Cpl/Persistent/_0test/realtime/windows/vc12
tests/Cpl/System/_0test
tests/Cpl/System/_0test/hw_basic/NUCLEO-F413ZH-alpha1/freertos/windows/gcc-arm
tests/Cpl/System/_0test/hw_basic/NUCLEO-F767ZI-alpha1/freertos/windows/gcc-arm
tests/Cpl/System/_0test/realtime/baremetal/posix/linux
tests/Cpl/System/_0test/realtime/baremetal/posix/linux/gcc
tests/Cpl/System/_0test/realtime/baremetal/win32/windows
tests/Cpl/System/_0test/realtime/baremetal/win32/windows/mingw_w64
tests/Cpl/System/_0test/realtime/baremetal/win32/windows/vc12
tests/Cpl/System/_0test/realtime/linux
tests/Cpl/System/_0test/realtime/linux/gcc
tests/Cpl/System/_0test/realtime/windows
tests/Cpl/System/_0test/realtime/windows/mingw_w64
tests/Cpl/System/_0test/realtime/windows/vc12
tests/Cpl/System/_0test/simtime/linux
tests/Cpl/System/_0test/simtime/linux/gcc
tests/Cpl/System/_0test/simtime/windows
tests/Cpl/System/_0test/simtime/windows/mingw_w64
tests/Cpl/System/_0test/simtime/windows/vc12
tests/Cpl/Text/Encoding/_0test
tests/Cpl/Text/Encoding/_0test/linux
tests/Cpl/Text/Encoding/_0test/linux/gcc
tests/Cpl/Text/Encoding/_0test/windows
tests/Cpl/Text/Encoding/_0test/windows/mingw_w64
tests/Cpl/Text/Encoding/_0test/windows/vc12
tests/Cpl/Text/Frame/_0test
tests/Cpl/Text/Frame/_0test/linux
tests/Cpl/Text/Frame/_0test/linux/gcc
tests/Cpl/Text/Frame/_0test/windows
tests/Cpl/Text/Frame/_0test/windows/mingw_w64
tests/Cpl/Text/Frame/_0test/windows/vc12
tests/Cpl/Text/Tokenizer/_0test
tests/Cpl/Text/Tokenizer/_0test/linux
tests/Cpl/Text/Tokenizer/_0test/linux/gcc
tests/Cpl/Text/Tokenizer/_0test/windows
tests/Cpl/Text/Tokenizer/_0test/windows/mingw_w64
tests/Cpl/Text/Tokenizer/_0test/windows/vc12
tests/Cpl/Text/_0test
tests/Cpl/Text/_0test/linux
tests/Cpl/Text/_0test/linux/gcc
tests/Cpl/Text/_0test/windows
tests/Cpl/Text/_0test/windows/mingw_w64
tests/Cpl/Text/_0test/windows/vc12
tests/Cpl/TShell/Cmd/_0test
tests/Cpl/TShell/Cmd/_0test/linux
tests/Cpl/TShell/Cmd/_0test/linux/gcc
tests/Cpl/TShell/Cmd/_0test/windows
tests/Cpl/TShell/Cmd/_0test/windows/mingw_w64
tests/Cpl/TShell/Cmd/_0test/windows/vc12
tests/Cpl/TShell/_0test/simtick
tests/Cpl/TShell/_0test/simtick/linux
tests/Cpl/TShell/_0test/simtick/linux/gcc
tests/Cpl/TShell/_0test/simtick/windows
tests/Cpl/TShell/_0test/simtick/windows/mingw_w64
tests/Cpl/TShell/_0test/simtick/windows/vc12
tests/Cpl/TShell/_0test/test1/linux/gcc
tests/Cpl/TShell/_0test/test1/windows
tests/Cpl/TShell/_0test/test1/windows/mingw_w64
tests/Cpl/TShell/_0test/test1/windows/vc12
tests/Cpl/TShell/_0test/test2
tests/Cpl/TShell/_0test/test2/linux
tests/Cpl/TShell/_0test/test2/linux/gcc
tests/Cpl/TShell/_0test/test2/windows
tests/Cpl/TShell/_0test/test2/windows/mingw_w64
tests/Cpl/TShell/_0test/test2/windows/vc12
tests/Cpl/TShell/_0test/test4
tests/Cpl/TShell/_0test/test4/windows
tests/Cpl/TShell/_0test/test4/windows/mingw_w64
tests/Cpl/TShell/_0test/test4/windows/vc12
tests/Cpl/TShell/_0test/test5/linux
tests/Cpl/TShell/_0test/test5/linux/gcc
tests/Cpl/TShell/_0test/test5/windows
tests/Cpl/TShell/_0test/test5/windows/mingw_w64
tests/Cpl/TShell/_0test/test5/windows/vc12
tests/Cpl/Type/_0test
tests/Cpl/Type/_0test/linux
tests/Cpl/Type/_0test/linux/gcc
tests/Cpl/Type/_0test/windows
tests/Cpl/Type/_0test/windows/mingw_w64
tests/Cpl/Type/_0test/windows/vc12
tests/Driver/AIO/_0test/NUCLEO-F413ZH-alpha1/windows/gcc-arm
tests/Driver/Button/_0test
tests/Driver/Button/_0test/linux
tests/Driver/Button/_0test/linux/gcc
tests/Driver/Button/_0test/windows
tests/Driver/Button/_0test/windows/mingw_w64
tests/Driver/Button/_0test/windows/vc12
tests/Driver/Crypto/PasswordHash/_0test
tests/Driver/Crypto/PasswordHash/_0test/linux
tests/Driver/Crypto/PasswordHash/_0test/linux/gcc
tests/Driver/Crypto/PasswordHash/_0test/windows
tests/Driver/Crypto/PasswordHash/_0test/windows/mingw_w64
tests/Driver/Crypto/PasswordHash/_0test/windows/vc12
tests/Driver/DIO/_0test/in_hw/NUCLEO-F413ZH-alpha1/windows/gcc-arm
tests/Driver/DIO/_0test/out_pwm/NUCLEO-F413ZH-alpha1/windows/gcc-arm
tests/Driver/DIO/_0test/simulated
tests/Driver/DIO/_0test/simulated/linux
tests/Driver/DIO/_0test/simulated/linux/gcc
tests/Driver/DIO/_0test/simulated/windows
tests/Driver/DIO/_0test/simulated/windows/mingw_w64
tests/Driver/DIO/_0test/simulated/windows/vc12
tests/Driver/I2C/_0test/master-eeprom
tests/Driver/I2C/_0test/master-eeprom/NUCLEO-F413ZH-alpha1/windows/gcc-arm
tests/Driver/NV/_0test
tests/Driver/NV/_0test/file-cpl
tests/Driver/NV/_0test/file-cpl/posix/linux
tests/Driver/NV/_0test/file-cpl/posix/linux/gcc
tests/Driver/NV/_0test/file-cpl/win32/windows
tests/Driver/NV/_0test/file-cpl/win32/windows/mingw_w64
tests/Driver/NV/_0test/file-cpl/win32/windows/vc12
tests/Driver/NV/_0test/gang/file-cpl
tests/Driver/NV/_0test/gang/file-cpl/posix/linux
tests/Driver/NV/_0test/gang/file-cpl/posix/linux/gcc
tests/Driver/NV/_0test/gang/file-cpl/win32/windows
tests/Driver/NV/_0test/gang/file-cpl/win32/windows/mingw_w64
tests/Driver/NV/_0test/gang/file-cpl/win32/windows/vc12
tests/Driver/NV/_0test/onsemi-cat24c512/NUCLEO-F413ZH-alpha1/windows/gcc-arm
tests/Driver/SPI/_0test/adxl345
tests/Driver/TPipe/_0test
tests/Driver/TPipe/_0test/linux
tests/Driver/TPipe/_0test/linux/gcc
tests/Driver/TPipe/_0test/windows
tests/Driver/TPipe/_0test/windows/mingw_w64
tests/Driver/TPipe/_0test/windows/vc12
scripts/colony.core
scripts/colony.core/docopt
scripts/colony.core/ratt
top/compilers
top/libdirs