src/Bsp/UserSpace
src/Cpl
src/Cpl/Checksum
src/Cpl/Checksum/_0test
src/Cpl/Checksum/_0test/_aladdin
src/Cpl/Container
src/Cpl/Container/_0test
src/Cpl/Dm
src/Cpl/Dm/Mp
src/Cpl/Dm/Mp/_0test
src/Cpl/Dm/Persistent
src/Cpl/Dm/Persistent/_0test
src/Cpl/Dm/TShell
src/Cpl/Dm/TShell/_0test
src/Cpl/Dm/_0test
src/Cpl/Dm/_0test/_baremetal
src/Cpl/Io
src/Cpl/Io/File
src/Cpl/Io/File/_0test
src/Cpl/Io/File/_ansi
src/Cpl/Io/File/_ansi/_nullapi
src/Cpl/Io/File/_posix
src/Cpl/Io/File/_posix/_api
src/Cpl/Io/File/_win32
src/Cpl/Io/File/_win32/_api
src/Cpl/Io/Serial
src/Cpl/Io/Serial/Renesas
src/Cpl/Io/Serial/Renesas/Rx62n
src/Cpl/Io/Serial/_0test/_hw_loopback
src/Cpl/Io/Socket
src/Cpl/Io/Socket/Posix
src/Cpl/Io/Socket/Win32
src/Cpl/Io/Socket/_0test
src/Cpl/Io/Stdio
src/Cpl/Io/Stdio/_0test
src/Cpl/Io/Stdio/_ansi
src/Cpl/Io/Stdio/_posix
src/Cpl/Io/Stdio/_win32
src/Cpl/Io/_0test
src/Cpl/Itc
src/Cpl/Itc/_0test
src/Cpl/Itc/_0test/_hw_mvc
src/Cpl/Json
src/Cpl/Math
src/Cpl/Memory
src/Cpl/Memory/_0test
src/Cpl/Memory/_testsupport
src/Cpl/Persistent
src/Cpl/Persistent/_0test
src/Cpl/System
src/Cpl/System/BareMetal
src/Cpl/System/BareMetal/_fatalerror
src/Cpl/System/BareMetal/_posix
src/Cpl/System/BareMetal/_win32
src/Cpl/System/Cpp11
src/Cpl/System/Cpp11/_fatalerror
src/Cpl/System/Cpp11/_posix
src/Cpl/System/Cpp11/_realtime
src/Cpl/System/Cpp11/_win32
src/Cpl/System/FreeRTOS
src/Cpl/System/FreeRTOS/_fatalerror
src/Cpl/System/Posix
src/Cpl/System/Posix/_fatalerror
src/Cpl/System/Posix/_realtime
src/Cpl/System/Posix/_shutdown
src/Cpl/System/Win32
src/Cpl/System/Win32/_fatalerror
src/Cpl/System/Win32/_realtime
src/Cpl/System/_0test
src/Cpl/System/_0test/_baremetal
src/Cpl/System/_0test/_hw_basic
src/Cpl/System/_0test/_hw_basic2
src/Cpl/System/_0test/_sim
src/Cpl/System/_ansi
src/Cpl/System/_ansi/_shutdown
src/Cpl/System/_assert
src/Cpl/System/_simtick
src/Cpl/System/_testsupport
src/Cpl/System/_trace
src/Cpl/System/_trace/_stdout
src/Cpl/Text
src/Cpl/Text/Frame
src/Cpl/Text/Frame/_0test
src/Cpl/Text/Tokenizer
src/Cpl/Text/Tokenizer/_0test
src/Cpl/Text/_0test
src/Cpl/Text/_mappings/_arm_m4_arduino
src/Cpl/Text/_mappings/_kpitrx
src/Cpl/Text/_mappings/_mingw
src/Cpl/Text/_mappings/_posix
src/Cpl/Text/_mappings/_vc12
src/Cpl/TShell
src/Cpl/TShell/Cmd
src/Cpl/TShell/Cmd/FreeRTOS
src/Cpl/TShell/Cmd/Win32
src/Cpl/TShell/_0test
src/Cpl/TShell/_0test/_simtick
src/Cpl/Type
src/Cpl/Type/_0test
src/Driver
src/Driver/Uart
src/Driver/Uart/Stream
src/Driver/Uart/Stream/_0test
tests
tests/Bsp/UserSpace/_0test
tests/Bsp/UserSpace/_0test/linux
tests/Bsp/UserSpace/_0test/linux/gcc
tests/Bsp/UserSpace/_0test/windows
tests/Bsp/UserSpace/_0test/windows/mingw_w64
tests/Bsp/UserSpace/_0test/windows/vc12
tests/Cpl
tests/Cpl/Checksum/_0test
tests/Cpl/Checksum/_0test/aladdin/windows
tests/Cpl/Checksum/_0test/aladdin/windows/vc12
tests/Cpl/Checksum/_0test/linux
tests/Cpl/Checksum/_0test/linux/gcc
tests/Cpl/Checksum/_0test/windows
tests/Cpl/Checksum/_0test/windows/mingw_w64
tests/Cpl/Checksum/_0test/windows/vc12
tests/Cpl/Container/_0test
tests/Cpl/Container/_0test/linux
tests/Cpl/Container/_0test/linux/gcc
tests/Cpl/Container/_0test/windows
tests/Cpl/Container/_0test/windows/mingw_w64
tests/Cpl/Container/_0test/windows/vc12
tests/Cpl/Dm/Mp/_0test/realtime
tests/Cpl/Dm/Mp/_0test/realtime/linux
tests/Cpl/Dm/Mp/_0test/realtime/linux/gcc
tests/Cpl/Dm/Mp/_0test/realtime/windows
tests/Cpl/Dm/Mp/_0test/realtime/windows/mingw_w64
tests/Cpl/Dm/Mp/_0test/realtime/windows/vc12
tests/Cpl/Dm/Persistent/_0test/realtime
tests/Cpl/Dm/Persistent/_0test/realtime/linux
tests/Cpl/Dm/Persistent/_0test/realtime/linux/gcc
tests/Cpl/Dm/Persistent/_0test/realtime/windows
tests/Cpl/Dm/Persistent/_0test/realtime/windows/mingw_w64
tests/Cpl/Dm/Persistent/_0test/realtime/windows/vc12
tests/Cpl/Dm/TShell/_0test
tests/Cpl/Dm/TShell/_0test/linux
tests/Cpl/Dm/TShell/_0test/linux/gcc
tests/Cpl/Dm/TShell/_0test/windows
tests/Cpl/Dm/TShell/_0test/windows/mingw_w64
tests/Cpl/Dm/TShell/_0test/windows/vc12
tests/Cpl/Dm/_0test/realtime
tests/Cpl/Dm/_0test/realtime/baremetal
tests/Cpl/Dm/_0test/realtime/baremetal/posix
tests/Cpl/Dm/_0test/realtime/baremetal/posix/linux/gcc
tests/Cpl/Dm/_0test/realtime/baremetal/win32
tests/Cpl/Dm/_0test/realtime/baremetal/win32/windows/mingw_w64
tests/Cpl/Dm/_0test/realtime/baremetal/win32/windows/vc12
tests/Cpl/Dm/_0test/realtime/linux
tests/Cpl/Dm/_0test/realtime/linux/gcc
tests/Cpl/Dm/_0test/realtime/windows
tests/Cpl/Dm/_0test/realtime/windows/mingw_w64
tests/Cpl/Dm/_0test/realtime/windows/vc12
tests/Cpl/Io/File/_0test
tests/Cpl/Io/File/_0test/ansi
tests/Cpl/Io/File/_0test/ansi/linux
tests/Cpl/Io/File/_0test/ansi/linux/gcc
tests/Cpl/Io/File/_0test/ansi/windows
tests/Cpl/Io/File/_0test/ansi/windows/mingw_w64
tests/Cpl/Io/File/_0test/ansi/windows/vc12
tests/Cpl/Io/File/_0test/posix/linux
tests/Cpl/Io/File/_0test/posix/linux/gcc
tests/Cpl/Io/File/_0test/win32/windows
tests/Cpl/Io/File/_0test/win32/windows/mingw_w64
tests/Cpl/Io/File/_0test/win32/windows/vc12
tests/Cpl/Io/Serial/_0test/hw_loopback/freertos/yrdkr62n/windows/kpit-gnurx
tests/Cpl/Io/Serial/_0test/hw_loopback/freertos/yrdkr62n/windows/kpit-gnurx/e2studio/debug
tests/Cpl/Io/Serial/_0test/hw_loopback/freertos/yrdkr62n/windows/kpit-gnurx/e2studio/debug/.settings/CodeGenerator
tests/Cpl/Io/Socket/_0test/posix/linux
tests/Cpl/Io/Socket/_0test/posix/linux/gcc
tests/Cpl/Io/Socket/_0test/win32/windows
tests/Cpl/Io/Socket/_0test/win32/windows/mingw_w64
tests/Cpl/Io/Socket/_0test/win32/windows/vc12
tests/Cpl/Io/Stdio/_0test
tests/Cpl/Io/Stdio/_0test/ansi
tests/Cpl/Io/Stdio/_0test/ansi/linux
tests/Cpl/Io/Stdio/_0test/ansi/linux/gcc
tests/Cpl/Io/Stdio/_0test/ansi/windows
tests/Cpl/Io/Stdio/_0test/ansi/windows/mingw_w64
tests/Cpl/Io/Stdio/_0test/ansi/windows/vc12
tests/Cpl/Io/Stdio/_0test/posix/linux
tests/Cpl/Io/Stdio/_0test/posix/linux/gcc
tests/Cpl/Io/Stdio/_0test/win32/windows
tests/Cpl/Io/Stdio/_0test/win32/windows/mingw_w64
tests/Cpl/Io/Stdio/_0test/win32/windows/vc12
tests/Cpl/Io/_0test
tests/Cpl/Io/_0test/linux
tests/Cpl/Io/_0test/linux/gcc
tests/Cpl/Io/_0test/windows
tests/Cpl/Io/_0test/windows/mingw_w64
tests/Cpl/Io/_0test/windows/vc12
tests/Cpl/Itc/_0test
tests/Cpl/Itc/_0test/hw_mvc/yrdkr62n/windows/kpit-gnurx
tests/Cpl/Itc/_0test/hw_mvc/yrdkr62n/windows/kpit-gnurx/e2studio/debug
tests/Cpl/Itc/_0test/hw_mvc/yrdkr62n/windows/kpit-gnurx/e2studio/debug/.settings/CodeGenerator
tests/Cpl/Itc/_0test/realtime
tests/Cpl/Itc/_0test/realtime/linux
tests/Cpl/Itc/_0test/realtime/linux/gcc
tests/Cpl/Itc/_0test/realtime/windows
tests/Cpl/Itc/_0test/realtime/windows/mingw_w64
tests/Cpl/Itc/_0test/realtime/windows/vc12
tests/Cpl/Itc/_0test/simtime
tests/Cpl/Itc/_0test/simtime/linux
tests/Cpl/Itc/_0test/simtime/linux/gcc
tests/Cpl/Itc/_0test/simtime/windows
tests/Cpl/Itc/_0test/simtime/windows/mingw_w64
tests/Cpl/Itc/_0test/simtime/windows/vc12
tests/Cpl/Json/Arduino
tests/Cpl/Json/Arduino/linux
tests/Cpl/Json/Arduino/linux/gcc
tests/Cpl/Json/Arduino/windows
tests/Cpl/Json/Arduino/windows/mingw_w64
tests/Cpl/Json/Arduino/windows/vc12
tests/Cpl/Memory/_0test
tests/Cpl/Memory/_0test/linux
tests/Cpl/Memory/_0test/linux/gcc
tests/Cpl/Memory/_0test/windows
tests/Cpl/Memory/_0test/windows/mingw_w64
tests/Cpl/Memory/_0test/windows/vc12
tests/Cpl/Persistent/_0test/realtime
tests/Cpl/Persistent/_0test/realtime/linux
tests/Cpl/Persistent/_0test/realtime/linux/gcc
tests/Cpl/Persistent/_0test/realtime/windows
tests/Cpl/Persistent/_0test/realtime/windows/mingw_w64
tests/Cpl/Persistent/_0test/realtime/windows/vc12
tests/Cpl/System/_0test
tests/Cpl/System/_0test/hw_basic/yrdkr62n/windows/kpit-gnurx
tests/Cpl/System/_0test/hw_basic/yrdkr62n/windows/kpit-gnurx/e2studio/debug
tests/Cpl/System/_0test/hw_basic/yrdkr62n/windows/kpit-gnurx/e2studio/debug/.settings/CodeGenerator
tests/Cpl/System/_0test/realtime/baremetal/posix/linux
tests/Cpl/System/_0test/realtime/baremetal/posix/linux/gcc
tests/Cpl/System/_0test/realtime/baremetal/win32/windows
tests/Cpl/System/_0test/realtime/baremetal/win32/windows/mingw_w64
tests/Cpl/System/_0test/realtime/baremetal/win32/windows/vc12
tests/Cpl/System/_0test/realtime/linux
tests/Cpl/System/_0test/realtime/linux/gcc
tests/Cpl/System/_0test/realtime/windows
tests/Cpl/System/_0test/realtime/windows/mingw_w64
tests/Cpl/System/_0test/realtime/windows/vc12
tests/Cpl/System/_0test/simtime/linux
tests/Cpl/System/_0test/simtime/linux/gcc
tests/Cpl/System/_0test/simtime/windows
tests/Cpl/System/_0test/simtime/windows/mingw_w64
tests/Cpl/System/_0test/simtime/windows/vc12
tests/Cpl/Text/Frame/_0test
tests/Cpl/Text/Frame/_0test/linux
tests/Cpl/Text/Frame/_0test/linux/gcc
tests/Cpl/Text/Frame/_0test/windows
tests/Cpl/Text/Frame/_0test/windows/mingw_w64
tests/Cpl/Text/Frame/_0test/windows/vc12
tests/Cpl/Text/Tokenizer/_0test
tests/Cpl/Text/Tokenizer/_0test/linux
tests/Cpl/Text/Tokenizer/_0test/linux/gcc
tests/Cpl/Text/Tokenizer/_0test/windows
tests/Cpl/Text/Tokenizer/_0test/windows/mingw_w64
tests/Cpl/Text/Tokenizer/_0test/windows/vc12
tests/Cpl/Text/_0test
tests/Cpl/Text/_0test/linux
tests/Cpl/Text/_0test/linux/gcc
tests/Cpl/Text/_0test/windows
tests/Cpl/Text/_0test/windows/mingw_w64
tests/Cpl/Text/_0test/windows/vc12
tests/Cpl/TShell/_0test/simtick
tests/Cpl/TShell/_0test/simtick/linux
tests/Cpl/TShell/_0test/simtick/linux/gcc
tests/Cpl/TShell/_0test/simtick/windows
tests/Cpl/TShell/_0test/simtick/windows/mingw_w64
tests/Cpl/TShell/_0test/simtick/windows/vc12
tests/Cpl/TShell/_0test/test1/linux/gcc
tests/Cpl/TShell/_0test/test1/windows
tests/Cpl/TShell/_0test/test1/windows/mingw_w64
tests/Cpl/TShell/_0test/test1/windows/vc12
tests/Cpl/TShell/_0test/test1/yrdkr62n/windows/kpit-gnurx
tests/Cpl/TShell/_0test/test1/yrdkr62n/windows/kpit-gnurx/e2studio/debug
tests/Cpl/TShell/_0test/test1/yrdkr62n/windows/kpit-gnurx/e2studio/debug/.settings/CodeGenerator
tests/Cpl/TShell/_0test/test2
tests/Cpl/TShell/_0test/test2/linux
tests/Cpl/TShell/_0test/test2/linux/gcc
tests/Cpl/TShell/_0test/test2/windows
tests/Cpl/TShell/_0test/test2/windows/mingw_w64
tests/Cpl/TShell/_0test/test2/windows/vc12
tests/Cpl/Type/_0test
tests/Cpl/Type/_0test/linux
tests/Cpl/Type/_0test/linux/gcc
tests/Cpl/Type/_0test/windows
tests/Cpl/Type/_0test/windows/mingw_w64
tests/Cpl/Type/_0test/windows/vc12
tests/Driver/Uart/Stream/_0test/freertos/yrdkr62n/windows/kpit-gnurx
tests/Driver/Uart/Stream/_0test/freertos/yrdkr62n/windows/kpit-gnurx/e2studio/debug
tests/Driver/Uart/Stream/_0test/freertos/yrdkr62n/windows/kpit-gnurx/e2studio/debug/.settings/CodeGenerator
tests/Driver/Uart/Stream/_0test/win32/windows
tests/Driver/Uart/Stream/_0test/win32/windows/vc12
top/libdirs